Archive member included to satisfy reference by file (symbol)

.\CortexM3\ARM_GCC_541\Debug\I2C 19 feb.a(I2C.o)
                              .\CortexM3\ARM_GCC_541\Debug\main.o (I2C_Start)
.\CortexM3\ARM_GCC_541\Debug\I2C 19 feb.a(I2C_INT.o)
                              .\CortexM3\ARM_GCC_541\Debug\I2C 19 feb.a(I2C.o) (I2C_ISR)
.\CortexM3\ARM_GCC_541\Debug\I2C 19 feb.a(I2C_PM.o)
                              .\CortexM3\ARM_GCC_541\Debug\I2C 19 feb.a(I2C.o) (I2C_backup)
.\CortexM3\ARM_GCC_541\Debug\I2C 19 feb.a(I2C_MASTER.o)
                              .\CortexM3\ARM_GCC_541\Debug\I2C 19 feb.a(I2C.o) (I2C_mstrStatus)
.\CortexM3\ARM_GCC_541\Debug\I2C 19 feb.a(LCD.o)
                              .\CortexM3\ARM_GCC_541\Debug\main.o (LCD_PrintString)
.\CortexM3\ARM_GCC_541\Debug\I2C 19 feb.a(CyLib.o)
                              .\CortexM3\ARM_GCC_541\Debug\Cm3Start.o (CyHalt)
.\CortexM3\ARM_GCC_541\Debug\I2C 19 feb.a(cyPm.o)
                              .\CortexM3\ARM_GCC_541\Debug\I2C 19 feb.a(CyLib.o) (CyPmReadStatus)
.\CortexM3\ARM_GCC_541\Debug\I2C 19 feb.a(UART.o)
                              .\CortexM3\ARM_GCC_541\Debug\main.o (UART_Start)
.\CortexM3\ARM_GCC_541\Debug\I2C 19 feb.a(UART_IntClock.o)
                              .\CortexM3\ARM_GCC_541\Debug\I2C 19 feb.a(UART.o) (UART_IntClock_Start)
.\CortexM3\ARM_GCC_541\Debug\I2C 19 feb.a(timer.o)
                              .\CortexM3\ARM_GCC_541\Debug\main.o (timer_Start)
.\CortexM3\ARM_GCC_541\Debug\I2C 19 feb.a(isr_timer.o)
                              .\CortexM3\ARM_GCC_541\Debug\main.o (isr_timer_StartEx)
.\CortexM3\ARM_GCC_541\Debug\I2C 19 feb.a(CyBootAsmGnu.o)
                              .\CortexM3\ARM_GCC_541\Debug\cyfitter_cfg.o (CyDelayCycles)
.\CortexM3\ARM_GCC_541\Debug\I2C 19 feb.a(CyFlash.o)
                              .\CortexM3\ARM_GCC_541\Debug\I2C 19 feb.a(cyPm.o) (CyFlash_SetWaitCycles)
.\CortexM3\ARM_GCC_541\Debug\I2C 19 feb.a(CySpc.o)
                              .\CortexM3\ARM_GCC_541\Debug\I2C 19 feb.a(CyFlash.o) (CySpcStart)
c:/program files (x86)/cypress/psoc creator/4.2/psoc creator/import/gnu/arm/5.4.1/bin/../lib/gcc/arm-none-eabi/5.4.1/armv7-m\libgcc.a(_arm_addsubsf3.o)
                              .\CortexM3\ARM_GCC_541\Debug\main.o (__aeabi_i2f)
c:/program files (x86)/cypress/psoc creator/4.2/psoc creator/import/gnu/arm/5.4.1/bin/../lib/gcc/arm-none-eabi/5.4.1/armv7-m\libgcc.a(_arm_muldivsf3.o)
                              .\CortexM3\ARM_GCC_541\Debug\main.o (__aeabi_fmul)
c:/program files (x86)/cypress/psoc creator/4.2/psoc creator/import/gnu/arm/5.4.1/bin/../lib/gcc/arm-none-eabi/5.4.1/armv7-m\libgcc.a(_arm_fixunssfsi.o)
                              .\CortexM3\ARM_GCC_541\Debug\main.o (__aeabi_f2uiz)
c:/program files (x86)/cypress/psoc creator/4.2/psoc creator/import/gnu/arm/5.4.1/bin/../lib/gcc/arm-none-eabi/5.4.1/../../../../arm-none-eabi/lib/armv7-m\libg_nano.a(lib_a-errno.o)
                              .\CortexM3\ARM_GCC_541\Debug\Cm3Start.o (__errno)
c:/program files (x86)/cypress/psoc creator/4.2/psoc creator/import/gnu/arm/5.4.1/bin/../lib/gcc/arm-none-eabi/5.4.1/../../../../arm-none-eabi/lib/armv7-m\libg_nano.a(lib_a-exit.o)
                              c:/program files (x86)/cypress/psoc creator/4.2/psoc creator/import/gnu/arm/5.4.1/bin/../lib/gcc/arm-none-eabi/5.4.1/../../../../arm-none-eabi/lib/armv7-m/crt0.o (exit)
c:/program files (x86)/cypress/psoc creator/4.2/psoc creator/import/gnu/arm/5.4.1/bin/../lib/gcc/arm-none-eabi/5.4.1/../../../../arm-none-eabi/lib/armv7-m\libg_nano.a(lib_a-impure.o)
                              c:/program files (x86)/cypress/psoc creator/4.2/psoc creator/import/gnu/arm/5.4.1/bin/../lib/gcc/arm-none-eabi/5.4.1/../../../../arm-none-eabi/lib/armv7-m\libg_nano.a(lib_a-exit.o) (_global_impure_ptr)
c:/program files (x86)/cypress/psoc creator/4.2/psoc creator/import/gnu/arm/5.4.1/bin/../lib/gcc/arm-none-eabi/5.4.1/../../../../arm-none-eabi/lib/armv7-m\libg_nano.a(lib_a-init.o)
                              c:/program files (x86)/cypress/psoc creator/4.2/psoc creator/import/gnu/arm/5.4.1/bin/../lib/gcc/arm-none-eabi/5.4.1/../../../../arm-none-eabi/lib/armv7-m/crt0.o (__libc_init_array)
c:/program files (x86)/cypress/psoc creator/4.2/psoc creator/import/gnu/arm/5.4.1/bin/../lib/gcc/arm-none-eabi/5.4.1/../../../../arm-none-eabi/lib/armv7-m\libg_nano.a(lib_a-memcpy-stub.o)
                              .\CortexM3\ARM_GCC_541\Debug\cyfitter_cfg.o (memcpy)
c:/program files (x86)/cypress/psoc creator/4.2/psoc creator/import/gnu/arm/5.4.1/bin/../lib/gcc/arm-none-eabi/5.4.1/../../../../arm-none-eabi/lib/armv7-m\libg_nano.a(lib_a-memset.o)
                              c:/program files (x86)/cypress/psoc creator/4.2/psoc creator/import/gnu/arm/5.4.1/bin/../lib/gcc/arm-none-eabi/5.4.1/../../../../arm-none-eabi/lib/armv7-m/crt0.o (memset)
[...]
Memory Configuration

Name             Origin             Length             Attributes
rom              0x00000000         0x00040000         xr
ram              0x1fff8000         0x00010000         xrw
*default*        0x00000000         0xffffffff

Linker script and memory map

LOAD c:/program files (x86)/cypress/psoc creator/4.2/psoc creator/import/gnu/arm/5.4.1/bin/../lib/gcc/arm-none-eabi/5.4.1/armv7-m/crti.o
LOAD c:/program files (x86)/cypress/psoc creator/4.2/psoc creator/import/gnu/arm/5.4.1/bin/../lib/gcc/arm-none-eabi/5.4.1/armv7-m/crtbegin.o
LOAD c:/program files (x86)/cypress/psoc creator/4.2/psoc creator/import/gnu/arm/5.4.1/bin/../lib/gcc/arm-none-eabi/5.4.1/../../../../arm-none-eabi/lib/armv7-m/crt0.o
START GROUP
LOAD .\CortexM3\ARM_GCC_541\Debug\main.o
LOAD .\CortexM3\ARM_GCC_541\Debug\cyfitter_cfg.o
LOAD .\CortexM3\ARM_GCC_541\Debug\cymetadata.o
LOAD .\CortexM3\ARM_GCC_541\Debug\Cm3Start.o
LOAD .\CortexM3\ARM_GCC_541\Debug\I2C 19 feb.a
LOAD C:\Program Files (x86)\Cypress\PSoC Creator\4.2\PSoC Creator\psoc\content\cycomponentlibrary\CyComponentLibrary.cylib\CortexM3\ARM_GCC_541\Debug\CyComponentLibrary.a
END GROUP
START GROUP
LOAD c:/program files (x86)/cypress/psoc creator/4.2/psoc creator/import/gnu/arm/5.4.1/bin/../lib/gcc/arm-none-eabi/5.4.1/armv7-m\libgcc.a
LOAD c:/program files (x86)/cypress/psoc creator/4.2/psoc creator/import/gnu/arm/5.4.1/bin/../lib/gcc/arm-none-eabi/5.4.1/../../../../arm-none-eabi/lib/armv7-m\libg_nano.a
LOAD c:/program files (x86)/cypress/psoc creator/4.2/psoc creator/import/gnu/arm/5.4.1/bin/../lib/gcc/arm-none-eabi/5.4.1/../../../../arm-none-eabi/lib/armv7-m\libc_nano.a
END GROUP
START GROUP
LOAD c:/program files (x86)/cypress/psoc creator/4.2/psoc creator/import/gnu/arm/5.4.1/bin/../lib/gcc/arm-none-eabi/5.4.1/armv7-m\libgcc.a
LOAD c:/program files (x86)/cypress/psoc creator/4.2/psoc creator/import/gnu/arm/5.4.1/bin/../lib/gcc/arm-none-eabi/5.4.1/../../../../arm-none-eabi/lib/armv7-m\libc_nano.a
END GROUP
LOAD c:/program files (x86)/cypress/psoc creator/4.2/psoc creator/import/gnu/arm/5.4.1/bin/../lib/gcc/arm-none-eabi/5.4.1/armv7-m/crtend.o
LOAD c:/program files (x86)/cypress/psoc creator/4.2/psoc creator/import/gnu/arm/5.4.1/bin/../lib/gcc/arm-none-eabi/5.4.1/armv7-m/crtn.o
START GROUP
LOAD c:/program files (x86)/cypress/psoc creator/4.2/psoc creator/import/gnu/arm/5.4.1/bin/../lib/gcc/arm-none-eabi/5.4.1/armv7-m\libgcc.a
LOAD c:/program files (x86)/cypress/psoc creator/4.2/psoc creator/import/gnu/arm/5.4.1/bin/../lib/gcc/arm-none-eabi/5.4.1/../../../../arm-none-eabi/lib/armv7-m\libc.a
LOAD c:/program files (x86)/cypress/psoc creator/4.2/psoc creator/import/gnu/arm/5.4.1/bin/../lib/gcc/arm-none-eabi/5.4.1/../../../../arm-none-eabi/lib/armv7-m\libnosys.a
END GROUP
                0x00000000                CY_APPL_ORIGIN = 0x0
                0x00000100                CY_FLASH_ROW_SIZE = 0x100
                0x00000020                CY_ECC_ROW_SIZE = 0x20
                0x00000000                CY_EE_IN_BTLDR = 0x0
                0x00000000                CY_APPL_LOADABLE = 0x0
                0x00000800                CY_EE_SIZE = 0x800
                0x00000001                CY_APPL_NUM = 0x1
                0x00000001                CY_APPL_MAX = 0x1
                0x00000040                CY_METADATA_SIZE = 0x40
                0x00000000                CY_APPL_LOADABLE = 0x0
                0x00000000                CY_CHECKSUM_EXCLUDE_SIZE = ALIGN (0x0, CY_FLASH_ROW_SIZE)
                [!provide]                PROVIDE (__cy_heap_start, _end)
                0x00000001                PROVIDE (__cy_region_num, ((__cy_regions_end - __cy_regions) / 0x10))
                0x20008000                PROVIDE (__cy_stack, (ORIGIN (ram) + LENGTH (ram)))
                [!provide]                PROVIDE (__cy_heap_end, (__cy_stack - 0x800))

.cybootloader   0x00000000        0x0
 *(.cybootloader)
                0x00000000                appl1_start = CY_APPL_ORIGIN?CY_APPL_ORIGIN:ALIGN (CY_FLASH_ROW_SIZE)
                0x0001ff00                appl2_start = (appl1_start + ALIGN ((((LENGTH (rom) - appl1_start) - (0x2 * CY_FLASH_ROW_SIZE)) / 0x2), CY_FLASH_ROW_SIZE))
                0x00000000                appl_start = (CY_APPL_NUM == 0x1)?appl1_start:appl2_start
                0x00000000                ecc_offset = ((appl_start / CY_FLASH_ROW_SIZE) * CY_ECC_ROW_SIZE)
                0x00000000                ee_offset = (CY_APPL_LOADABLE && ! (CY_EE_IN_BTLDR))?((CY_EE_SIZE / CY_APPL_MAX) * (CY_APPL_NUM - 0x1)):0x0
                0x00000800                ee_size = (CY_APPL_LOADABLE && ! (CY_EE_IN_BTLDR))?(CY_EE_SIZE / CY_APPL_MAX):CY_EE_SIZE
                [!provide]                PROVIDE (CY_ECC_OFFSET, ecc_offset)

.text           0x00000000     0x48a0
 CREATE_OBJECT_SYMBOLS
                0x00000000                PROVIDE (__cy_interrupt_vector, RomVectors)
 *(.romvectors)
 .romvectors    0x00000000       0x10 .\CortexM3\ARM_GCC_541\Debug\Cm3Start.o
                0x00000000                RomVectors
                0x00000001                ASSERT ((. != __cy_interrupt_vector), No interrupt vector)
                0x00000001                ASSERT (CY_APPL_ORIGIN?(SIZEOF (.cybootloader) <= CY_APPL_ORIGIN):0x1, Wrong image location)
                0x00000010                PROVIDE (__cy_reset, Reset)
 *(.text.Reset)
 .text.Reset    0x00000010       0x18 .\CortexM3\ARM_GCC_541\Debug\Cm3Start.o
                0x00000010                Reset
                0x00000001                ASSERT ((. != __cy_reset), No reset code)
 *(.dma_init)
                0x00000001                ASSERT ((((appl_start + .) <= 0x10000) || 0x1), DMA Init must be within the first 64k of flash)
 *(.text .text.* .gnu.linkonce.t.*)
 .text          0x00000028       0x5c c:/program files (x86)/cypress/psoc creator/4.2/psoc creator/import/gnu/arm/5.4.1/bin/../lib/gcc/arm-none-eabi/5.4.1/armv7-m/crtbegin.o
 .text.timer    0x00000084       0x14 .\CortexM3\ARM_GCC_541\Debug\main.o
                0x00000084                timer
 .text._write   0x00000098       0x1c .\CortexM3\ARM_GCC_541\Debug\main.o
                0x00000098                _write
 .text.Get_voltage_shunt
                0x000000b4       0x44 .\CortexM3\ARM_GCC_541\Debug\main.o
                0x000000b4                Get_voltage_shunt
 .text.Get_voltage_bus
                0x000000f8       0x58 .\CortexM3\ARM_GCC_541\Debug\main.o
                0x000000f8                Get_voltage_bus
 .text.main     0x00000150      0x1bc .\CortexM3\ARM_GCC_541\Debug\main.o
                0x00000150                main
 .text.CyClockStartupError
                0x0000030c        0x4 .\CortexM3\ARM_GCC_541\Debug\cyfitter_cfg.o
 .text.cfg_write_bytes32
                0x00000310       0x34 .\CortexM3\ARM_GCC_541\Debug\cyfitter_cfg.o
 .text.AnalogSetDefault
                0x00000344       0x28 .\CortexM3\ARM_GCC_541\Debug\cyfitter_cfg.o
 .text.CYMEMZERO
                0x0000036c        0xc .\CortexM3\ARM_GCC_541\Debug\cyfitter_cfg.o
 .text.ClockSetup
                0x00000378       0xcc .\CortexM3\ARM_GCC_541\Debug\cyfitter_cfg.o
 .text.CYCONFIGCPY
                0x00000444        0x8 .\CortexM3\ARM_GCC_541\Debug\cyfitter_cfg.o
 .text.cyfitter_cfg
                0x0000044c       0xf0 .\CortexM3\ARM_GCC_541\Debug\cyfitter_cfg.o
                0x0000044c                cyfitter_cfg
 .text.IntDefaultHandler
                0x0000053c       0x10 .\CortexM3\ARM_GCC_541\Debug\Cm3Start.o
                0x0000053c                IntDefaultHandler
 .text._sbrk    0x0000054c       0x30 .\CortexM3\ARM_GCC_541\Debug\Cm3Start.o
                0x0000054c                _sbrk
 .text.Start_c  0x0000057c       0x4c .\CortexM3\ARM_GCC_541\Debug\Cm3Start.o
                0x0000057c                Start_c
 .text.initialize_psoc
                0x000005c8       0x68 .\CortexM3\ARM_GCC_541\Debug\Cm3Start.o
                0x000005c8                initialize_psoc
 .text.I2C_Init
                0x00000630       0x68 .\CortexM3\ARM_GCC_541\Debug\I2C 19 feb.a(I2C.o)
                0x00000630                I2C_Init
 .text.I2C_Enable
                0x00000698       0x24 .\CortexM3\ARM_GCC_541\Debug\I2C 19 feb.a(I2C.o)
                0x00000698                I2C_Enable
 .text.I2C_Start
                0x000006bc       0x28 .\CortexM3\ARM_GCC_541\Debug\I2C 19 feb.a(I2C.o)
                0x000006bc                I2C_Start
 .text.I2C_ISR  0x000006e4      0x2d0 .\CortexM3\ARM_GCC_541\Debug\I2C 19 feb.a(I2C_INT.o)
                0x000006e4                I2C_ISR
 .text.I2C_MasterSendStart
                0x000009b4       0x80 .\CortexM3\ARM_GCC_541\Debug\I2C 19 feb.a(I2C_MASTER.o)
                0x000009b4                I2C_MasterSendStart
 .text.I2C_MasterSendRestart
                0x00000a34       0x6c .\CortexM3\ARM_GCC_541\Debug\I2C 19 feb.a(I2C_MASTER.o)
                0x00000a34                I2C_MasterSendRestart
 .text.I2C_MasterSendStop
                0x00000aa0       0x38 .\CortexM3\ARM_GCC_541\Debug\I2C 19 feb.a(I2C_MASTER.o)
                0x00000aa0                I2C_MasterSendStop
 .text.I2C_MasterWriteByte
                0x00000ad8       0x58 .\CortexM3\ARM_GCC_541\Debug\I2C 19 feb.a(I2C_MASTER.o)
                0x00000ad8                I2C_MasterWriteByte
 .text.I2C_MasterReadByte
                0x00000b30       0x58 .\CortexM3\ARM_GCC_541\Debug\I2C 19 feb.a(I2C_MASTER.o)
                0x00000b30                I2C_MasterReadByte
 .text.LCD_WrCntrlNib
                0x00000b88       0x34 .\CortexM3\ARM_GCC_541\Debug\I2C 19 feb.a(LCD.o)
 .text.LCD_WrDatNib
                0x00000bbc       0x44 .\CortexM3\ARM_GCC_541\Debug\I2C 19 feb.a(LCD.o)
 .text.LCD_IsReady
                0x00000c00       0xe4 .\CortexM3\ARM_GCC_541\Debug\I2C 19 feb.a(LCD.o)
                0x00000c00                LCD_IsReady
 .text.LCD_WriteData
                0x00000ce4       0x18 .\CortexM3\ARM_GCC_541\Debug\I2C 19 feb.a(LCD.o)
                0x00000ce4                LCD_WriteData
 .text.LCD_PrintString
                0x00000cfc       0x1c .\CortexM3\ARM_GCC_541\Debug\I2C 19 feb.a(LCD.o)
                0x00000cfc                LCD_PrintString
 .text.LCD_PutChar
                0x00000d18        0x8 .\CortexM3\ARM_GCC_541\Debug\I2C 19 feb.a(LCD.o)
                0x00000d18                LCD_PutChar
 .text.LCD_WriteControl
                0x00000d20       0x18 .\CortexM3\ARM_GCC_541\Debug\I2C 19 feb.a(LCD.o)
                0x00000d20                LCD_WriteControl
 .text.LCD_Init
                0x00000d38       0x6c .\CortexM3\ARM_GCC_541\Debug\I2C 19 feb.a(LCD.o)
                0x00000d38                LCD_Init
 .text.LCD_Enable
                0x00000da4       0x14 .\CortexM3\ARM_GCC_541\Debug\I2C 19 feb.a(LCD.o)
                0x00000da4                LCD_Enable
 .text.LCD_Start
                0x00000db8       0x1c .\CortexM3\ARM_GCC_541\Debug\I2C 19 feb.a(LCD.o)
                0x00000db8                LCD_Start
 .text.LCD_Position
                0x00000dd4       0x3c .\CortexM3\ARM_GCC_541\Debug\I2C 19 feb.a(LCD.o)
                0x00000dd4                LCD_Position
 .text.LCD_PrintInt8
                0x00000e10       0x20 .\CortexM3\ARM_GCC_541\Debug\I2C 19 feb.a(LCD.o)
                0x00000e10                LCD_PrintInt8
 .text.LCD_PrintInt16
                0x00000e30       0x14 .\CortexM3\ARM_GCC_541\Debug\I2C 19 feb.a(LCD.o)
                0x00000e30                LCD_PrintInt16
 .text.CyHalt   0x00000e44        0x4 .\CortexM3\ARM_GCC_541\Debug\I2C 19 feb.a(CyLib.o)
                0x00000e44                CyHalt
 .text.CyDelay  0x00000e48       0x2c .\CortexM3\ARM_GCC_541\Debug\I2C 19 feb.a(CyLib.o)
                0x00000e48                CyDelay
 .text.CyDelayUs
                0x00000e74       0x14 .\CortexM3\ARM_GCC_541\Debug\I2C 19 feb.a(CyLib.o)
                0x00000e74                CyDelayUs
 .text.CyIntSetVector
                0x00000e88       0x28 .\CortexM3\ARM_GCC_541\Debug\I2C 19 feb.a(CyLib.o)
                0x00000e88                CyIntSetVector
 .text.CyIntSetPriority
                0x00000eb0       0x30 .\CortexM3\ARM_GCC_541\Debug\I2C 19 feb.a(CyLib.o)
                0x00000eb0                CyIntSetPriority
 .text.UART_Init
                0x00000ee0       0x24 .\CortexM3\ARM_GCC_541\Debug\I2C 19 feb.a(UART.o)
                0x00000ee0                UART_Init
 .text.UART_Enable
                0x00000f04       0x38 .\CortexM3\ARM_GCC_541\Debug\I2C 19 feb.a(UART.o)
                0x00000f04                UART_Enable
 .text.UART_Start
                0x00000f3c       0x1c .\CortexM3\ARM_GCC_541\Debug\I2C 19 feb.a(UART.o)
                0x00000f3c                UART_Start
 .text.UART_PutChar
                0x00000f58       0x18 .\CortexM3\ARM_GCC_541\Debug\I2C 19 feb.a(UART.o)
                0x00000f58                UART_PutChar
 .text.UART_IntClock_Start
                0x00000f70       0x1c .\CortexM3\ARM_GCC_541\Debug\I2C 19 feb.a(UART_IntClock.o)
                0x00000f70                UART_IntClock_Start
 .text.timer_Start
                0x00000f8c       0x1c .\CortexM3\ARM_GCC_541\Debug\I2C 19 feb.a(timer.o)
                0x00000f8c                timer_Start
 .text.isr_timer_SetVector
                0x00000fa8        0xc .\CortexM3\ARM_GCC_541\Debug\I2C 19 feb.a(isr_timer.o)
                0x00000fa8                isr_timer_SetVector
 .text.isr_timer_SetPriority
                0x00000fb4       0x10 .\CortexM3\ARM_GCC_541\Debug\I2C 19 feb.a(isr_timer.o)
                0x00000fb4                isr_timer_SetPriority
 .text.isr_timer_Enable
                0x00000fc4        0xc .\CortexM3\ARM_GCC_541\Debug\I2C 19 feb.a(isr_timer.o)
                0x00000fc4                isr_timer_Enable
 .text.isr_timer_Disable
                0x00000fd0        0xc .\CortexM3\ARM_GCC_541\Debug\I2C 19 feb.a(isr_timer.o)
                0x00000fd0                isr_timer_Disable
 .text.isr_timer_StartEx
                0x00000fdc       0x1c .\CortexM3\ARM_GCC_541\Debug\I2C 19 feb.a(isr_timer.o)
                0x00000fdc                isr_timer_StartEx
 .text.isr_timer_ClearPending
                0x00000ff8        0xc .\CortexM3\ARM_GCC_541\Debug\I2C 19 feb.a(isr_timer.o)
                0x00000ff8                isr_timer_ClearPending
 *fill*         0x00001004        0x4 
 .text          0x00001008       0x20 .\CortexM3\ARM_GCC_541\Debug\I2C 19 feb.a(CyBootAsmGnu.o)
                0x00001008                CyDelayCycles
                0x00001018                CyEnterCriticalSection
                0x00001020                CyExitCriticalSection
 .text          0x00001028      0x21c c:/program files (x86)/cypress/psoc creator/4.2/psoc creator/import/gnu/arm/5.4.1/bin/../lib/gcc/arm-none-eabi/5.4.1/armv7-m\libgcc.a(_arm_addsubsf3.o)
                0x00001028                __aeabi_frsub
                0x00001030                __subsf3
                0x00001030                __aeabi_fsub
                0x00001034                __aeabi_fadd
                0x00001034                __addsf3
                0x00001194                __aeabi_ui2f
                0x00001194                __floatunsisf
                0x0000119c                __aeabi_i2f
                0x0000119c                __floatsisf
                0x000011b8                __aeabi_ul2f
                0x000011b8                __floatundisf
                0x000011c8                __aeabi_l2f
                0x000011c8                __floatdisf
 .text          0x00001244      0x2a0 c:/program files (x86)/cypress/psoc creator/4.2/psoc creator/import/gnu/arm/5.4.1/bin/../lib/gcc/arm-none-eabi/5.4.1/armv7-m\libgcc.a(_arm_muldivsf3.o)
                0x00001244                __mulsf3
                0x00001244                __aeabi_fmul
                0x000013ac                __aeabi_fdiv
                0x000013ac                __divsf3
 .text          0x000014e4       0x40 c:/program files (x86)/cypress/psoc creator/4.2/psoc creator/import/gnu/arm/5.4.1/bin/../lib/gcc/arm-none-eabi/5.4.1/armv7-m\libgcc.a(_arm_fixunssfsi.o)
                0x000014e4                __fixunssfsi
                0x000014e4                __aeabi_f2uiz
 .text.__errno  0x00001524        0xc c:/program files (x86)/cypress/psoc creator/4.2/psoc creator/import/gnu/arm/5.4.1/bin/../lib/gcc/arm-none-eabi/5.4.1/../../../../arm-none-eabi/lib/armv7-m\libg_nano.a(lib_a-errno.o)
                0x00001524                __errno
 .text.__libc_init_array
                0x00001530       0x4c c:/program files (x86)/cypress/psoc creator/4.2/psoc creator/import/gnu/arm/5.4.1/bin/../lib/gcc/arm-none-eabi/5.4.1/../../../../arm-none-eabi/lib/armv7-m\libg_nano.a(lib_a-init.o)
                0x00001530                __libc_init_array
 .text.memcpy   0x0000157c       0x16 c:/program files (x86)/cypress/psoc creator/4.2/psoc creator/import/gnu/arm/5.4.1/bin/../lib/gcc/arm-none-eabi/5.4.1/../../../../arm-none-eabi/lib/armv7-m\libg_nano.a(lib_a-memcpy-stub.o)
                0x0000157c                memcpy
 .text.memset   0x00001592       0x10 c:/program files (x86)/cypress/psoc creator/4.2/psoc creator/import/gnu/arm/5.4.1/bin/../lib/gcc/arm-none-eabi/5.4.1/../../../../arm-none-eabi/lib/armv7-m\libg_nano.a(lib_a-memset.o)
                0x00001592                memset
 .text.__cvt    0x000015a2       0xc0 c:/program files (x86)/cypress/psoc creator/4.2/psoc creator/import/gnu/arm/5.4.1/bin/../lib/gcc/arm-none-eabi/5.4.1/../../../../arm-none-eabi/lib/armv7-m\libg_nano.a(lib_a-nano-vfprintf_float.o)
                0x000015a2                __cvt
 .text.__exponent
                0x00001662       0x62 c:/program files (x86)/cypress/psoc creator/4.2/psoc creator/import/gnu/arm/5.4.1/bin/../lib/gcc/arm-none-eabi/5.4.1/../../../../arm-none-eabi/lib/armv7-m\libg_nano.a(lib_a-nano-vfprintf_float.o)
                0x00001662                __exponent
 .text._printf_float
                0x000016c4      0x488 c:/program files (x86)/cypress/psoc creator/4.2/psoc creator/import/gnu/arm/5.4.1/bin/../lib/gcc/arm-none-eabi/5.4.1/../../../../arm-none-eabi/lib/armv7-m\libg_nano.a(lib_a-nano-vfprintf_float.o)
                0x000016c4                _printf_float
 .text._printf_common
                0x00001b4c       0xec c:/program files (x86)/cypress/psoc creator/4.2/psoc creator/import/gnu/arm/5.4.1/bin/../lib/gcc/arm-none-eabi/5.4.1/../../../../arm-none-eabi/lib/armv7-m\libg_nano.a(lib_a-nano-vfprintf_i.o)
                0x00001b4c                _printf_common
 .text._printf_i
                0x00001c38      0x24c c:/program files (x86)/cypress/psoc creator/4.2/psoc creator/import/gnu/arm/5.4.1/bin/../lib/gcc/arm-none-eabi/5.4.1/../../../../arm-none-eabi/lib/armv7-m\libg_nano.a(lib_a-nano-vfprintf_i.o)
                0x00001c38                _printf_i
 .text.printf   0x00001e84       0x30 c:/program files (x86)/cypress/psoc creator/4.2/psoc creator/import/gnu/arm/5.4.1/bin/../lib/gcc/arm-none-eabi/5.4.1/../../../../arm-none-eabi/lib/armv7-m\libg_nano.a(lib_a-printf.o)
                0x00001e84                iprintf
                0x00001e84                printf
 .text.sprintf  0x00001eb4       0x48 c:/program files (x86)/cypress/psoc creator/4.2/psoc creator/import/gnu/arm/5.4.1/bin/../lib/gcc/arm-none-eabi/5.4.1/../../../../arm-none-eabi/lib/armv7-m\libg_nano.a(lib_a-sprintf.o)
                0x00001eb4                siprintf
                0x00001eb4                sprintf
 .text.strcat   0x00001efc       0x1e c:/program files (x86)/cypress/psoc creator/4.2/psoc creator/import/gnu/arm/5.4.1/bin/../lib/gcc/arm-none-eabi/5.4.1/../../../../arm-none-eabi/lib/armv7-m\libg_nano.a(lib_a-strcat.o)
                0x00001efc                strcat
 .text          0x00001f1a       0x10 c:/program files (x86)/cypress/psoc creator/4.2/psoc creator/import/gnu/arm/5.4.1/bin/../lib/gcc/arm-none-eabi/5.4.1/../../../../arm-none-eabi/lib/armv7-m\libg_nano.a(lib_a-strlen.o)
                0x00001f1a                strlen
 .text.quorem   0x00001f2a      0x116 c:/program files (x86)/cypress/psoc creator/4.2/psoc creator/import/gnu/arm/5.4.1/bin/../lib/gcc/arm-none-eabi/5.4.1/../../../../arm-none-eabi/lib/armv7-m\libg_nano.a(lib_a-dtoa.o)
 .text._dtoa_r  0x00002040      0xb30 c:/program files (x86)/cypress/psoc creator/4.2/psoc creator/import/gnu/arm/5.4.1/bin/../lib/gcc/arm-none-eabi/5.4.1/../../../../arm-none-eabi/lib/armv7-m\libg_nano.a(lib_a-dtoa.o)
                0x00002040                _dtoa_r
 .text._cleanup_r
                0x00002b70        0xc c:/program files (x86)/cypress/psoc creator/4.2/psoc creator/import/gnu/arm/5.4.1/bin/../lib/gcc/arm-none-eabi/5.4.1/../../../../arm-none-eabi/lib/armv7-m\libg_nano.a(lib_a-findfp.o)
                0x00002b70                _cleanup_r
 .text.std.isra.0
                0x00002b7c       0x48 c:/program files (x86)/cypress/psoc creator/4.2/psoc creator/import/gnu/arm/5.4.1/bin/../lib/gcc/arm-none-eabi/5.4.1/../../../../arm-none-eabi/lib/armv7-m\libg_nano.a(lib_a-findfp.o)
 .text.__sfmoreglue
                0x00002bc4       0x2c c:/program files (x86)/cypress/psoc creator/4.2/psoc creator/import/gnu/arm/5.4.1/bin/../lib/gcc/arm-none-eabi/5.4.1/../../../../arm-none-eabi/lib/armv7-m\libg_nano.a(lib_a-findfp.o)
                0x00002bc4                __sfmoreglue
 .text.__sinit  0x00002bf0       0x60 c:/program files (x86)/cypress/psoc creator/4.2/psoc creator/import/gnu/arm/5.4.1/bin/../lib/gcc/arm-none-eabi/5.4.1/../../../../arm-none-eabi/lib/armv7-m\libg_nano.a(lib_a-findfp.o)
                0x00002bf0                __sinit
 .text.__sfp    0x00002c50       0x78 c:/program files (x86)/cypress/psoc creator/4.2/psoc creator/import/gnu/arm/5.4.1/bin/../lib/gcc/arm-none-eabi/5.4.1/../../../../arm-none-eabi/lib/armv7-m\libg_nano.a(lib_a-findfp.o)
                0x00002c50                __sfp
 .text._fwalk_reent
                0x00002cc8       0x3c c:/program files (x86)/cypress/psoc creator/4.2/psoc creator/import/gnu/arm/5.4.1/bin/../lib/gcc/arm-none-eabi/5.4.1/../../../../arm-none-eabi/lib/armv7-m\libg_nano.a(lib_a-fwalk.o)
                0x00002cc8                _fwalk_reent
 .text._localeconv_r
                0x00002d04        0x8 c:/program files (x86)/cypress/psoc creator/4.2/psoc creator/import/gnu/arm/5.4.1/bin/../lib/gcc/arm-none-eabi/5.4.1/../../../../arm-none-eabi/lib/armv7-m\libg_nano.a(lib_a-locale.o)
                0x00002d04                _localeconv_r
 .text.malloc   0x00002d0c       0x10 c:/program files (x86)/cypress/psoc creator/4.2/psoc creator/import/gnu/arm/5.4.1/bin/../lib/gcc/arm-none-eabi/5.4.1/../../../../arm-none-eabi/lib/armv7-m\libg_nano.a(lib_a-malloc.o)
                0x00002d0c                malloc
 .text.memchr   0x00002d1c       0x1c c:/program files (x86)/cypress/psoc creator/4.2/psoc creator/import/gnu/arm/5.4.1/bin/../lib/gcc/arm-none-eabi/5.4.1/../../../../arm-none-eabi/lib/armv7-m\libg_nano.a(lib_a-memchr-stub.o)
                0x00002d1c                memchr
 .text._Balloc  0x00002d38       0x6a c:/program files (x86)/cypress/psoc creator/4.2/psoc creator/import/gnu/arm/5.4.1/bin/../lib/gcc/arm-none-eabi/5.4.1/../../../../arm-none-eabi/lib/armv7-m\libg_nano.a(lib_a-mprec.o)
                0x00002d38                _Balloc
 .text._Bfree   0x00002da2       0x2e c:/program files (x86)/cypress/psoc creator/4.2/psoc creator/import/gnu/arm/5.4.1/bin/../lib/gcc/arm-none-eabi/5.4.1/../../../../arm-none-eabi/lib/armv7-m\libg_nano.a(lib_a-mprec.o)
                0x00002da2                _Bfree
 .text.__multadd
                0x00002dd0       0x76 c:/program files (x86)/cypress/psoc creator/4.2/psoc creator/import/gnu/arm/5.4.1/bin/../lib/gcc/arm-none-eabi/5.4.1/../../../../arm-none-eabi/lib/armv7-m\libg_nano.a(lib_a-mprec.o)
                0x00002dd0                __multadd
 .text.__hi0bits
                0x00002e46       0x40 c:/program files (x86)/cypress/psoc creator/4.2/psoc creator/import/gnu/arm/5.4.1/bin/../lib/gcc/arm-none-eabi/5.4.1/../../../../arm-none-eabi/lib/armv7-m\libg_nano.a(lib_a-mprec.o)
                0x00002e46                __hi0bits
 .text.__lo0bits
                0x00002e86       0x5a c:/program files (x86)/cypress/psoc creator/4.2/psoc creator/import/gnu/arm/5.4.1/bin/../lib/gcc/arm-none-eabi/5.4.1/../../../../arm-none-eabi/lib/armv7-m\libg_nano.a(lib_a-mprec.o)
                0x00002e86                __lo0bits
 .text.__i2b    0x00002ee0       0x12 c:/program files (x86)/cypress/psoc creator/4.2/psoc creator/import/gnu/arm/5.4.1/bin/../lib/gcc/arm-none-eabi/5.4.1/../../../../arm-none-eabi/lib/armv7-m\libg_nano.a(lib_a-mprec.o)
                0x00002ee0                __i2b
 .text.__multiply
                0x00002ef2      0x120 c:/program files (x86)/cypress/psoc creator/4.2/psoc creator/import/gnu/arm/5.4.1/bin/../lib/gcc/arm-none-eabi/5.4.1/../../../../arm-none-eabi/lib/armv7-m\libg_nano.a(lib_a-mprec.o)
                0x00002ef2                __multiply
 *fill*         0x00003012        0x2 
 .text.__pow5mult
                0x00003014       0x9c c:/program files (x86)/cypress/psoc creator/4.2/psoc creator/import/gnu/arm/5.4.1/bin/../lib/gcc/arm-none-eabi/5.4.1/../../../../arm-none-eabi/lib/armv7-m\libg_nano.a(lib_a-mprec.o)
                0x00003014                __pow5mult
 .text.__lshift
                0x000030b0       0xa2 c:/program files (x86)/cypress/psoc creator/4.2/psoc creator/import/gnu/arm/5.4.1/bin/../lib/gcc/arm-none-eabi/5.4.1/../../../../arm-none-eabi/lib/armv7-m\libg_nano.a(lib_a-mprec.o)
                0x000030b0                __lshift
 .text.__mcmp   0x00003152       0x38 c:/program files (x86)/cypress/psoc creator/4.2/psoc creator/import/gnu/arm/5.4.1/bin/../lib/gcc/arm-none-eabi/5.4.1/../../../../arm-none-eabi/lib/armv7-m\libg_nano.a(lib_a-mprec.o)
                0x00003152                __mcmp
 .text.__mdiff  0x0000318a       0xbe c:/program files (x86)/cypress/psoc creator/4.2/psoc creator/import/gnu/arm/5.4.1/bin/../lib/gcc/arm-none-eabi/5.4.1/../../../../arm-none-eabi/lib/armv7-m\libg_nano.a(lib_a-mprec.o)
                0x0000318a                __mdiff
 .text.__d2b    0x00003248       0x9c c:/program files (x86)/cypress/psoc creator/4.2/psoc creator/import/gnu/arm/5.4.1/bin/../lib/gcc/arm-none-eabi/5.4.1/../../../../arm-none-eabi/lib/armv7-m\libg_nano.a(lib_a-mprec.o)
                0x00003248                __d2b
 .text._calloc_r
                0x000032e4       0x1c c:/program files (x86)/cypress/psoc creator/4.2/psoc creator/import/gnu/arm/5.4.1/bin/../lib/gcc/arm-none-eabi/5.4.1/../../../../arm-none-eabi/lib/armv7-m\libg_nano.a(lib_a-nano-callocr.o)
                0x000032e4                _calloc_r
 .text._free_r  0x00003300       0x98 c:/program files (x86)/cypress/psoc creator/4.2/psoc creator/import/gnu/arm/5.4.1/bin/../lib/gcc/arm-none-eabi/5.4.1/../../../../arm-none-eabi/lib/armv7-m\libg_nano.a(lib_a-nano-freer.o)
                0x00003300                _free_r
 .text._malloc_r
                0x00003398       0xbc c:/program files (x86)/cypress/psoc creator/4.2/psoc creator/import/gnu/arm/5.4.1/bin/../lib/gcc/arm-none-eabi/5.4.1/../../../../arm-none-eabi/lib/armv7-m\libg_nano.a(lib_a-nano-mallocr.o)
                0x00003398                _malloc_r
 .text.__ssputs_r
                0x00003454       0xb2 c:/program files (x86)/cypress/psoc creator/4.2/psoc creator/import/gnu/arm/5.4.1/bin/../lib/gcc/arm-none-eabi/5.4.1/../../../../arm-none-eabi/lib/armv7-m\libg_nano.a(lib_a-nano-svfprintf.o)
                0x00003454                __ssputs_r
 *fill*         0x00003506        0x2 
 .text._svfprintf_r
                0x00003508      0x1e8 c:/program files (x86)/cypress/psoc creator/4.2/psoc creator/import/gnu/arm/5.4.1/bin/../lib/gcc/arm-none-eabi/5.4.1/../../../../arm-none-eabi/lib/armv7-m\libg_nano.a(lib_a-nano-svfprintf.o)
                0x00003508                _svfiprintf_r
                0x00003508                _svfprintf_r
 .text.__sfputc_r
                0x000036f0       0x2c c:/program files (x86)/cypress/psoc creator/4.2/psoc creator/import/gnu/arm/5.4.1/bin/../lib/gcc/arm-none-eabi/5.4.1/../../../../arm-none-eabi/lib/armv7-m\libg_nano.a(lib_a-nano-vfprintf.o)
 .text.__sfputs_r
                0x0000371c       0x24 c:/program files (x86)/cypress/psoc creator/4.2/psoc creator/import/gnu/arm/5.4.1/bin/../lib/gcc/arm-none-eabi/5.4.1/../../../../arm-none-eabi/lib/armv7-m\libg_nano.a(lib_a-nano-vfprintf.o)
                0x0000371c                __sfputs_r
 .text._vfprintf_r
                0x00003740      0x238 c:/program files (x86)/cypress/psoc creator/4.2/psoc creator/import/gnu/arm/5.4.1/bin/../lib/gcc/arm-none-eabi/5.4.1/../../../../arm-none-eabi/lib/armv7-m\libg_nano.a(lib_a-nano-vfprintf.o)
                0x00003740                _vfprintf_r
                0x00003740                _vfiprintf_r
 .text._sbrk_r  0x00003978       0x20 c:/program files (x86)/cypress/psoc creator/4.2/psoc creator/import/gnu/arm/5.4.1/bin/../lib/gcc/arm-none-eabi/5.4.1/../../../../arm-none-eabi/lib/armv7-m\libg_nano.a(lib_a-sbrkr.o)
                0x00003978                _sbrk_r
 .text.__sread  0x00003998       0x22 c:/program files (x86)/cypress/psoc creator/4.2/psoc creator/import/gnu/arm/5.4.1/bin/../lib/gcc/arm-none-eabi/5.4.1/../../../../arm-none-eabi/lib/armv7-m\libg_nano.a(lib_a-stdio.o)
                0x00003998                __sread
 .text.__swrite
                0x000039ba       0x38 c:/program files (x86)/cypress/psoc creator/4.2/psoc creator/import/gnu/arm/5.4.1/bin/../lib/gcc/arm-none-eabi/5.4.1/../../../../arm-none-eabi/lib/armv7-m\libg_nano.a(lib_a-stdio.o)
                0x000039ba                __swrite
 .text.__sseek  0x000039f2       0x24 c:/program files (x86)/cypress/psoc creator/4.2/psoc creator/import/gnu/arm/5.4.1/bin/../lib/gcc/arm-none-eabi/5.4.1/../../../../arm-none-eabi/lib/armv7-m\libg_nano.a(lib_a-stdio.o)
                0x000039f2                __sseek
 .text.__sclose
                0x00003a16        0x8 c:/program files (x86)/cypress/psoc creator/4.2/psoc creator/import/gnu/arm/5.4.1/bin/../lib/gcc/arm-none-eabi/5.4.1/../../../../arm-none-eabi/lib/armv7-m\libg_nano.a(lib_a-stdio.o)
                0x00003a16                __sclose
 *fill*         0x00003a1e        0x2 
 .text.__swbuf_r
                0x00003a20       0xa8 c:/program files (x86)/cypress/psoc creator/4.2/psoc creator/import/gnu/arm/5.4.1/bin/../lib/gcc/arm-none-eabi/5.4.1/../../../../arm-none-eabi/lib/armv7-m\libg_nano.a(lib_a-wbuf.o)
                0x00003a20                __swbuf_r
 .text._write_r
                0x00003ac8       0x24 c:/program files (x86)/cypress/psoc creator/4.2/psoc creator/import/gnu/arm/5.4.1/bin/../lib/gcc/arm-none-eabi/5.4.1/../../../../arm-none-eabi/lib/armv7-m\libg_nano.a(lib_a-writer.o)
                0x00003ac8                _write_r
 .text.__swsetup_r
                0x00003aec       0xdc c:/program files (x86)/cypress/psoc creator/4.2/psoc creator/import/gnu/arm/5.4.1/bin/../lib/gcc/arm-none-eabi/5.4.1/../../../../arm-none-eabi/lib/armv7-m\libg_nano.a(lib_a-wsetup.o)
                0x00003aec                __swsetup_r
 .text._close_r
                0x00003bc8       0x20 c:/program files (x86)/cypress/psoc creator/4.2/psoc creator/import/gnu/arm/5.4.1/bin/../lib/gcc/arm-none-eabi/5.4.1/../../../../arm-none-eabi/lib/armv7-m\libg_nano.a(lib_a-closer.o)
                0x00003bc8                _close_r
 .text.__sflush_r
                0x00003be8      0x10c c:/program files (x86)/cypress/psoc creator/4.2/psoc creator/import/gnu/arm/5.4.1/bin/../lib/gcc/arm-none-eabi/5.4.1/../../../../arm-none-eabi/lib/armv7-m\libg_nano.a(lib_a-fflush.o)
                0x00003be8                __sflush_r
 .text._fflush_r
                0x00003cf4       0x54 c:/program files (x86)/cypress/psoc creator/4.2/psoc creator/import/gnu/arm/5.4.1/bin/../lib/gcc/arm-none-eabi/5.4.1/../../../../arm-none-eabi/lib/armv7-m\libg_nano.a(lib_a-fflush.o)
                0x00003cf4                _fflush_r
 .text._lseek_r
                0x00003d48       0x24 c:/program files (x86)/cypress/psoc creator/4.2/psoc creator/import/gnu/arm/5.4.1/bin/../lib/gcc/arm-none-eabi/5.4.1/../../../../arm-none-eabi/lib/armv7-m\libg_nano.a(lib_a-lseekr.o)
                0x00003d48                _lseek_r
 .text.__swhatbuf_r
                0x00003d6c       0x46 c:/program files (x86)/cypress/psoc creator/4.2/psoc creator/import/gnu/arm/5.4.1/bin/../lib/gcc/arm-none-eabi/5.4.1/../../../../arm-none-eabi/lib/armv7-m\libg_nano.a(lib_a-makebuf.o)
                0x00003d6c                __swhatbuf_r
 *fill*         0x00003db2        0x2 
 .text.__smakebuf_r
                0x00003db4       0x78 c:/program files (x86)/cypress/psoc creator/4.2/psoc creator/import/gnu/arm/5.4.1/bin/../lib/gcc/arm-none-eabi/5.4.1/../../../../arm-none-eabi/lib/armv7-m\libg_nano.a(lib_a-makebuf.o)
                0x00003db4                __smakebuf_r
 .text.memmove  0x00003e2c       0x36 c:/program files (x86)/cypress/psoc creator/4.2/psoc creator/import/gnu/arm/5.4.1/bin/../lib/gcc/arm-none-eabi/5.4.1/../../../../arm-none-eabi/lib/armv7-m\libg_nano.a(lib_a-memmove.o)
                0x00003e2c                memmove
 .text.__malloc_lock
                0x00003e62        0x2 c:/program files (x86)/cypress/psoc creator/4.2/psoc creator/import/gnu/arm/5.4.1/bin/../lib/gcc/arm-none-eabi/5.4.1/../../../../arm-none-eabi/lib/armv7-m\libg_nano.a(lib_a-mlock.o)
                0x00003e62                __malloc_lock
 .text.__malloc_unlock
                0x00003e64        0x2 c:/program files (x86)/cypress/psoc creator/4.2/psoc creator/import/gnu/arm/5.4.1/bin/../lib/gcc/arm-none-eabi/5.4.1/../../../../arm-none-eabi/lib/armv7-m\libg_nano.a(lib_a-mlock.o)
                0x00003e64                __malloc_unlock
 .text._realloc_r
                0x00003e66       0x4c c:/program files (x86)/cypress/psoc creator/4.2/psoc creator/import/gnu/arm/5.4.1/bin/../lib/gcc/arm-none-eabi/5.4.1/../../../../arm-none-eabi/lib/armv7-m\libg_nano.a(lib_a-nano-reallocr.o)
                0x00003e66                _realloc_r
 *fill*         0x00003eb2        0x2 
 .text._read_r  0x00003eb4       0x24 c:/program files (x86)/cypress/psoc creator/4.2/psoc creator/import/gnu/arm/5.4.1/bin/../lib/gcc/arm-none-eabi/5.4.1/../../../../arm-none-eabi/lib/armv7-m\libg_nano.a(lib_a-readr.o)
                0x00003eb4                _read_r
 .text._fstat_r
                0x00003ed8       0x24 c:/program files (x86)/cypress/psoc creator/4.2/psoc creator/import/gnu/arm/5.4.1/bin/../lib/gcc/arm-none-eabi/5.4.1/../../../../arm-none-eabi/lib/armv7-m\libg_nano.a(lib_a-fstatr.o)
                0x00003ed8                _fstat_r
 .text._isatty_r
                0x00003efc       0x20 c:/program files (x86)/cypress/psoc creator/4.2/psoc creator/import/gnu/arm/5.4.1/bin/../lib/gcc/arm-none-eabi/5.4.1/../../../../arm-none-eabi/lib/armv7-m\libg_nano.a(lib_a-isattyr.o)
                0x00003efc                _isatty_r
 .text._malloc_usable_size_r
                0x00003f1c       0x14 c:/program files (x86)/cypress/psoc creator/4.2/psoc creator/import/gnu/arm/5.4.1/bin/../lib/gcc/arm-none-eabi/5.4.1/../../../../arm-none-eabi/lib/armv7-m\libg_nano.a(lib_a-nano-msizer.o)
                0x00003f1c                _malloc_usable_size_r
 .text          0x00003f30      0x370 c:/program files (x86)/cypress/psoc creator/4.2/psoc creator/import/gnu/arm/5.4.1/bin/../lib/gcc/arm-none-eabi/5.4.1/armv7-m\libgcc.a(_arm_addsubdf3.o)
                0x00003f30                __aeabi_drsub
                0x00003f38                __aeabi_dsub
                0x00003f38                __subdf3
                0x00003f3c                __aeabi_dadd
                0x00003f3c                __adddf3
                0x000041b4                __floatunsidf
                0x000041b4                __aeabi_ui2d
                0x000041d4                __floatsidf
                0x000041d4                __aeabi_i2d
                0x000041f8                __aeabi_f2d
                0x000041f8                __extendsfdf2
                0x00004234                __floatundidf
                0x00004234                __aeabi_ul2d
                0x00004244                __floatdidf
                0x00004244                __aeabi_l2d
 .text          0x000042a0      0x424 c:/program files (x86)/cypress/psoc creator/4.2/psoc creator/import/gnu/arm/5.4.1/bin/../lib/gcc/arm-none-eabi/5.4.1/armv7-m\libgcc.a(_arm_muldivdf3.o)
                0x000042a0                __aeabi_dmul
                0x000042a0                __muldf3
                0x000044f4                __divdf3
                0x000044f4                __aeabi_ddiv
 .text          0x000046c4      0x110 c:/program files (x86)/cypress/psoc creator/4.2/psoc creator/import/gnu/arm/5.4.1/bin/../lib/gcc/arm-none-eabi/5.4.1/armv7-m\libgcc.a(_arm_cmpdf2.o)
                0x000046c4                __gtdf2
                0x000046c4                __gedf2
                0x000046cc                __ltdf2
                0x000046cc                __ledf2
                0x000046d4                __nedf2
                0x000046d4                __eqdf2
                0x000046d4                __cmpdf2
                0x00004750                __aeabi_cdrcmple
                0x00004760                __aeabi_cdcmpeq
                0x00004760                __aeabi_cdcmple
                0x00004770                __aeabi_dcmpeq
                0x00004784                __aeabi_dcmplt
                0x00004798                __aeabi_dcmple
                0x000047ac                __aeabi_dcmpge
                0x000047c0                __aeabi_dcmpgt
 .text          0x000047d4       0x2c c:/program files (x86)/cypress/psoc creator/4.2/psoc creator/import/gnu/arm/5.4.1/bin/../lib/gcc/arm-none-eabi/5.4.1/armv7-m\libgcc.a(_arm_unorddf2.o)
                0x000047d4                __unorddf2
                0x000047d4                __aeabi_dcmpun
 .text          0x00004800       0x50 c:/program files (x86)/cypress/psoc creator/4.2/psoc creator/import/gnu/arm/5.4.1/bin/../lib/gcc/arm-none-eabi/5.4.1/armv7-m\libgcc.a(_arm_fixdfsi.o)
                0x00004800                __aeabi_d2iz
                0x00004800                __fixdfsi
 .text._close   0x00004850       0x10 c:/program files (x86)/cypress/psoc creator/4.2/psoc creator/import/gnu/arm/5.4.1/bin/../lib/gcc/arm-none-eabi/5.4.1/../../../../arm-none-eabi/lib/armv7-m\libnosys.a(close.o)
                0x00004850                _close
 .text._fstat   0x00004860       0x10 c:/program files (x86)/cypress/psoc creator/4.2/psoc creator/import/gnu/arm/5.4.1/bin/../lib/gcc/arm-none-eabi/5.4.1/../../../../arm-none-eabi/lib/armv7-m\libnosys.a(fstat.o)
                0x00004860                _fstat
 .text._isatty  0x00004870       0x10 c:/program files (x86)/cypress/psoc creator/4.2/psoc creator/import/gnu/arm/5.4.1/bin/../lib/gcc/arm-none-eabi/5.4.1/../../../../arm-none-eabi/lib/armv7-m\libnosys.a(isatty.o)
                0x00004870                _isatty
 .text._lseek   0x00004880       0x10 c:/program files (x86)/cypress/psoc creator/4.2/psoc creator/import/gnu/arm/5.4.1/bin/../lib/gcc/arm-none-eabi/5.4.1/../../../../arm-none-eabi/lib/armv7-m\libnosys.a(lseek.o)
                0x00004880                _lseek
 .text._read    0x00004890       0x10 c:/program files (x86)/cypress/psoc creator/4.2/psoc creator/import/gnu/arm/5.4.1/bin/../lib/gcc/arm-none-eabi/5.4.1/../../../../arm-none-eabi/lib/armv7-m\libnosys.a(read.o)
                0x00004890                _read
 *(.plt)
 *(.gnu.warning)
 *(.glue_7t)
 .glue_7t       0x000048a0        0x0 linker stubs
 *(.glue_7)
 .glue_7        0x000048a0        0x0 linker stubs
 *(.vfp11_veneer)
 .vfp11_veneer  0x000048a0        0x0 linker stubs
 *(.bootloader)
 *(.ARM.extab* .gnu.linkonce.armextab.*)
 *(.gcc_except_table)

.v4_bx          0x000048a0        0x0
 .v4_bx         0x000048a0        0x0 linker stubs

.iplt           0x000048a0        0x0
 .iplt          0x000048a0        0x0 c:/program files (x86)/cypress/psoc creator/4.2/psoc creator/import/gnu/arm/5.4.1/bin/../lib/gcc/arm-none-eabi/5.4.1/armv7-m/crtbegin.o

.eh_frame_hdr
 *(.eh_frame_hdr)

.eh_frame       0x000048a0        0x4
 *(.eh_frame)
 .eh_frame      0x000048a0        0x0 c:/program files (x86)/cypress/psoc creator/4.2/psoc creator/import/gnu/arm/5.4.1/bin/../lib/gcc/arm-none-eabi/5.4.1/armv7-m/crtbegin.o
 .eh_frame      0x000048a0        0x4 c:/program files (x86)/cypress/psoc creator/4.2/psoc creator/import/gnu/arm/5.4.1/bin/../lib/gcc/arm-none-eabi/5.4.1/armv7-m/crtend.o
                [!provide]                PROVIDE (__exidx_start, .)

.ARM.exidx
 *(.ARM.exidx* .gnu.linkonce.armexidx.*)
                0x000048a4                __exidx_end = .

.rodata         0x000048a8      0x260
 *(.rodata .rodata.* .gnu.linkonce.r.*)
 .rodata.str1.4
                0x000048a8       0x24 .\CortexM3\ARM_GCC_541\Debug\main.o
                                 0x25 (size before relaxing)
 .rodata        0x000048cc       0x30 .\CortexM3\ARM_GCC_541\Debug\cyfitter_cfg.o
 .rodata        0x000048fc       0x10 .\CortexM3\ARM_GCC_541\Debug\I2C 19 feb.a(LCD.o)
 .rodata.str1.1
                0x0000490c        0x2 c:/program files (x86)/cypress/psoc creator/4.2/psoc creator/import/gnu/arm/5.4.1/bin/../lib/gcc/arm-none-eabi/5.4.1/../../../../arm-none-eabi/lib/armv7-m\libg_nano.a(lib_a-impure.o)
 *fill*         0x0000490e        0x2 
 .rodata._global_impure_ptr
                0x00004910        0x4 c:/program files (x86)/cypress/psoc creator/4.2/psoc creator/import/gnu/arm/5.4.1/bin/../lib/gcc/arm-none-eabi/5.4.1/../../../../arm-none-eabi/lib/armv7-m\libg_nano.a(lib_a-impure.o)
                0x00004910                _global_impure_ptr
 .rodata.str1.1
                0x00004914       0x12 c:/program files (x86)/cypress/psoc creator/4.2/psoc creator/import/gnu/arm/5.4.1/bin/../lib/gcc/arm-none-eabi/5.4.1/../../../../arm-none-eabi/lib/armv7-m\libg_nano.a(lib_a-nano-vfprintf_float.o)
 .rodata.str1.1
                0x00004926       0x22 c:/program files (x86)/cypress/psoc creator/4.2/psoc creator/import/gnu/arm/5.4.1/bin/../lib/gcc/arm-none-eabi/5.4.1/../../../../arm-none-eabi/lib/armv7-m\libg_nano.a(lib_a-nano-vfprintf_i.o)
 .rodata.str1.1
                0x00004948        0xd c:/program files (x86)/cypress/psoc creator/4.2/psoc creator/import/gnu/arm/5.4.1/bin/../lib/gcc/arm-none-eabi/5.4.1/../../../../arm-none-eabi/lib/armv7-m\libg_nano.a(lib_a-dtoa.o)
                                  0xf (size before relaxing)
 *fill*         0x00004955        0x3 
 .rodata.__sf_fake_stdin
                0x00004958       0x20 c:/program files (x86)/cypress/psoc creator/4.2/psoc creator/import/gnu/arm/5.4.1/bin/../lib/gcc/arm-none-eabi/5.4.1/../../../../arm-none-eabi/lib/armv7-m\libg_nano.a(lib_a-findfp.o)
                0x00004958                __sf_fake_stdin
 .rodata.__sf_fake_stdout
                0x00004978       0x20 c:/program files (x86)/cypress/psoc creator/4.2/psoc creator/import/gnu/arm/5.4.1/bin/../lib/gcc/arm-none-eabi/5.4.1/../../../../arm-none-eabi/lib/armv7-m\libg_nano.a(lib_a-findfp.o)
                0x00004978                __sf_fake_stdout
 .rodata.__sf_fake_stderr
                0x00004998       0x20 c:/program files (x86)/cypress/psoc creator/4.2/psoc creator/import/gnu/arm/5.4.1/bin/../lib/gcc/arm-none-eabi/5.4.1/../../../../arm-none-eabi/lib/armv7-m\libg_nano.a(lib_a-findfp.o)
                0x00004998                __sf_fake_stderr
 .rodata.str1.1
                0x000049b8        0x8 c:/program files (x86)/cypress/psoc creator/4.2/psoc creator/import/gnu/arm/5.4.1/bin/../lib/gcc/arm-none-eabi/5.4.1/../../../../arm-none-eabi/lib/armv7-m\libg_nano.a(lib_a-locale.o)
                                  0xb (size before relaxing)
 .rodata.__mprec_tens
                0x000049c0       0xc8 c:/program files (x86)/cypress/psoc creator/4.2/psoc creator/import/gnu/arm/5.4.1/bin/../lib/gcc/arm-none-eabi/5.4.1/../../../../arm-none-eabi/lib/armv7-m\libg_nano.a(lib_a-mprec.o)
                0x000049c0                __mprec_tens
 .rodata.p05.5408
                0x00004a88        0xc c:/program files (x86)/cypress/psoc creator/4.2/psoc creator/import/gnu/arm/5.4.1/bin/../lib/gcc/arm-none-eabi/5.4.1/../../../../arm-none-eabi/lib/armv7-m\libg_nano.a(lib_a-mprec.o)
 *fill*         0x00004a94        0x4 
 .rodata.__mprec_bigtens
                0x00004a98       0x28 c:/program files (x86)/cypress/psoc creator/4.2/psoc creator/import/gnu/arm/5.4.1/bin/../lib/gcc/arm-none-eabi/5.4.1/../../../../arm-none-eabi/lib/armv7-m\libg_nano.a(lib_a-mprec.o)
                0x00004a98                __mprec_bigtens
 .rodata.str1.1
                0x00004ac0       0x11 c:/program files (x86)/cypress/psoc creator/4.2/psoc creator/import/gnu/arm/5.4.1/bin/../lib/gcc/arm-none-eabi/5.4.1/../../../../arm-none-eabi/lib/armv7-m\libg_nano.a(lib_a-nano-svfprintf.o)
 .rodata.str1.1
                0x00004ad1       0x11 c:/program files (x86)/cypress/psoc creator/4.2/psoc creator/import/gnu/arm/5.4.1/bin/../lib/gcc/arm-none-eabi/5.4.1/../../../../arm-none-eabi/lib/armv7-m\libg_nano.a(lib_a-nano-vfprintf.o)
                0x00004ae4                . = ALIGN (0x4)
 *fill*         0x00004ad1        0x3 
 *(.init)
 .init          0x00004ad4        0x4 c:/program files (x86)/cypress/psoc creator/4.2/psoc creator/import/gnu/arm/5.4.1/bin/../lib/gcc/arm-none-eabi/5.4.1/armv7-m/crti.o
                0x00004ad4                _init
 .init          0x00004ad8        0x8 c:/program files (x86)/cypress/psoc creator/4.2/psoc creator/import/gnu/arm/5.4.1/bin/../lib/gcc/arm-none-eabi/5.4.1/armv7-m/crtn.o
                0x00004ae0                . = ALIGN (0x4)
                0x00004ae0                __preinit_array_start = .
 *(.preinit_array)
                0x00004ae0                __preinit_array_end = .
                0x00004ae0                . = ALIGN (0x4)
                0x00004ae0                __init_array_start = .
 *(SORT(.init_array.*))
 *(.init_array)
 .init_array    0x00004ae0        0x4 c:/program files (x86)/cypress/psoc creator/4.2/psoc creator/import/gnu/arm/5.4.1/bin/../lib/gcc/arm-none-eabi/5.4.1/armv7-m/crtbegin.o
 .init_array    0x00004ae4        0x4 .\CortexM3\ARM_GCC_541\Debug\Cm3Start.o
                0x00004ae8                __init_array_end = .
                0x00004ae8                . = ALIGN (0x4)
 *(.fini)
 .fini          0x00004ae8        0x4 c:/program files (x86)/cypress/psoc creator/4.2/psoc creator/import/gnu/arm/5.4.1/bin/../lib/gcc/arm-none-eabi/5.4.1/armv7-m/crti.o
                0x00004ae8                _fini
 .fini          0x00004aec        0x8 c:/program files (x86)/cypress/psoc creator/4.2/psoc creator/import/gnu/arm/5.4.1/bin/../lib/gcc/arm-none-eabi/5.4.1/armv7-m/crtn.o
                0x00004af4                . = ALIGN (0x4)
                0x00004af4                __fini_array_start = .
 *(.fini_array)
 .fini_array    0x00004af4        0x4 c:/program files (x86)/cypress/psoc creator/4.2/psoc creator/import/gnu/arm/5.4.1/bin/../lib/gcc/arm-none-eabi/5.4.1/armv7-m/crtbegin.o
 *(SORT(.fini_array.*))
                0x00004af8                __fini_array_end = .
                0x00004af8                . = ALIGN (0x4)
 *crtbegin.o(.ctors)
 *(EXCLUDE_FILE(*crtend.o) .ctors)
 *(SORT(.ctors.*))
 *crtend.o(.ctors)
                0x00004af8                . = ALIGN (0x4)
 *crtbegin.o(.dtors)
 *(EXCLUDE_FILE(*crtend.o) .dtors)
 *(SORT(.dtors.*))
 *crtend.o(.dtors)
                0x00004af8                . = ALIGN (0x4)
                0x00004af8                __cy_regions = .
                0x00004af8        0x4 LONG 0x4b08 __cy_region_init_ram
                0x00004afc        0x4 LONG 0x1fff80c8 __cy_region_start_data
                0x00004b00        0x4 LONG 0xb8 __cy_region_init_size_ram
                0x00004b04        0x4 LONG 0x78 __cy_region_zero_size_ram
                0x00004b08                __cy_regions_end = .
                0x00004b08                . = ALIGN (0x8)
                0x00004b08                _etext = .

.cy_checksum_exclude
                0x00004b08        0x0
 *(.cy_checksum_exclude)

.ramvectors     0x1fff8000       0xc0
                0x1fff8000                __cy_region_start_ram = .
 *(.ramvectors)
 .ramvectors    0x1fff8000       0xc0 .\CortexM3\ARM_GCC_541\Debug\Cm3Start.o
                0x1fff8000                CyRamVectors

.noinit         0x1fff80c0        0x1
 *(.noinit)
 .noinit        0x1fff80c0        0x1 .\CortexM3\ARM_GCC_541\Debug\I2C 19 feb.a(CyLib.o)
                0x1fff80c0                CyResetStatus

.data           0x1fff80c8       0xb8 load address 0x00004b08
                0x1fff80c8                __cy_region_start_data = .
 *(.jcr)
 .jcr           0x1fff80c8        0x0 c:/program files (x86)/cypress/psoc creator/4.2/psoc creator/import/gnu/arm/5.4.1/bin/../lib/gcc/arm-none-eabi/5.4.1/armv7-m/crtbegin.o
 .jcr           0x1fff80c8        0x4 c:/program files (x86)/cypress/psoc creator/4.2/psoc creator/import/gnu/arm/5.4.1/bin/../lib/gcc/arm-none-eabi/5.4.1/armv7-m/crtend.o
 *(.got.plt)
 *(.got)
 *(.shdata)
 *(.data .data.* .gnu.linkonce.d.*)
 .data          0x1fff80cc        0x4 .\CortexM3\ARM_GCC_541\Debug\Cm3Start.o
 .data          0x1fff80d0       0x10 .\CortexM3\ARM_GCC_541\Debug\I2C 19 feb.a(CyLib.o)
                0x1fff80d0                cydelay_32k_ms
                0x1fff80d4                cydelay_freq_khz
                0x1fff80d8                cydelay_freq_mhz
                0x1fff80dc                cydelay_freq_hz
 .data.impure_data
                0x1fff80e0       0x60 c:/program files (x86)/cypress/psoc creator/4.2/psoc creator/import/gnu/arm/5.4.1/bin/../lib/gcc/arm-none-eabi/5.4.1/../../../../arm-none-eabi/lib/armv7-m\libg_nano.a(lib_a-impure.o)
 .data._impure_ptr
                0x1fff8140        0x4 c:/program files (x86)/cypress/psoc creator/4.2/psoc creator/import/gnu/arm/5.4.1/bin/../lib/gcc/arm-none-eabi/5.4.1/../../../../arm-none-eabi/lib/armv7-m\libg_nano.a(lib_a-impure.o)
                0x1fff8140                _impure_ptr
 .data.lconv    0x1fff8144       0x38 c:/program files (x86)/cypress/psoc creator/4.2/psoc creator/import/gnu/arm/5.4.1/bin/../lib/gcc/arm-none-eabi/5.4.1/../../../../arm-none-eabi/lib/armv7-m\libg_nano.a(lib_a-locale.o)
                0x1fff8180                . = ALIGN (0x8)
 *fill*         0x1fff817c        0x4 
 *(.ram)
                0x1fff8180                _edata = .

.igot.plt       0x1fff8180        0x0 load address 0x00004bc0
 .igot.plt      0x1fff8180        0x0 c:/program files (x86)/cypress/psoc creator/4.2/psoc creator/import/gnu/arm/5.4.1/bin/../lib/gcc/arm-none-eabi/5.4.1/armv7-m/crtbegin.o

.bss            0x1fff8180       0x78 load address 0x00004bc0
                0x1fff8180                PROVIDE (__bss_start__, .)
 *(.shbss)
 *(.bss .bss.* .gnu.linkonce.b.*)
 .bss           0x1fff8180       0x1c c:/program files (x86)/cypress/psoc creator/4.2/psoc creator/import/gnu/arm/5.4.1/bin/../lib/gcc/arm-none-eabi/5.4.1/armv7-m/crtbegin.o
 .bss           0x1fff819c        0x4 .\CortexM3\ARM_GCC_541\Debug\main.o
                0x1fff819c                pot
 .bss           0x1fff81a0        0x1 .\CortexM3\ARM_GCC_541\Debug\I2C 19 feb.a(I2C.o)
                0x1fff81a0                I2C_initVar
 .bss           0x1fff81a1        0x2 .\CortexM3\ARM_GCC_541\Debug\I2C 19 feb.a(LCD.o)
                0x1fff81a1                LCD_enableState
                0x1fff81a2                LCD_initVar
 .bss           0x1fff81a3        0x2 .\CortexM3\ARM_GCC_541\Debug\I2C 19 feb.a(UART.o)
                0x1fff81a3                UART_initVar
 *fill*         0x1fff81a5        0x3 
 .bss.__malloc_sbrk_start
                0x1fff81a8        0x4 c:/program files (x86)/cypress/psoc creator/4.2/psoc creator/import/gnu/arm/5.4.1/bin/../lib/gcc/arm-none-eabi/5.4.1/../../../../arm-none-eabi/lib/armv7-m\libg_nano.a(lib_a-nano-mallocr.o)
                0x1fff81a8                __malloc_sbrk_start
 .bss.__malloc_free_list
                0x1fff81ac        0x4 c:/program files (x86)/cypress/psoc creator/4.2/psoc creator/import/gnu/arm/5.4.1/bin/../lib/gcc/arm-none-eabi/5.4.1/../../../../arm-none-eabi/lib/armv7-m\libg_nano.a(lib_a-nano-mallocr.o)
                0x1fff81ac                __malloc_free_list
 *(COMMON)
 COMMON         0x1fff81b0       0x30 .\CortexM3\ARM_GCC_541\Debug\main.o
                0x1fff81b0                potencia
                0x1fff81b2                angulo
                0x1fff81b4                flag
                0x1fff81b8                vs1
                0x1fff81ba                vbus2
                0x1fff81bc                voltaje_shunt
                0x1fff81be                vbus
                0x1fff81c0                i
                0x1fff81c2                Datos
                0x1fff81c4                vs2
                0x1fff81c6                Datos2
                0x1fff81c8                valorpotencia
                0x1fff81cc                time
                0x1fff81d0                Tabla
                0x1fff81d4                result
                0x1fff81d8                factor_lsb_Corriente
                0x1fff81dc                voltaje_shunt2
                0x1fff81de                corriente
 COMMON         0x1fff81e0        0x1 .\CortexM3\ARM_GCC_541\Debug\I2C 19 feb.a(I2C.o)
                0x1fff81e0                I2C_state
 *fill*         0x1fff81e1        0x3 
 COMMON         0x1fff81e4       0x10 .\CortexM3\ARM_GCC_541\Debug\I2C 19 feb.a(I2C_MASTER.o)
                0x1fff81e4                I2C_mstrWrBufIndex
                0x1fff81e5                I2C_mstrWrBufSize
                0x1fff81e6                I2C_mstrStatus
                0x1fff81e8                I2C_mstrRdBufPtr
                0x1fff81ec                I2C_mstrControl
                0x1fff81ed                I2C_mstrRdBufSize
                0x1fff81ee                I2C_mstrRdBufIndex
                0x1fff81f0                I2C_mstrWrBufPtr
 COMMON         0x1fff81f4        0x4 c:/program files (x86)/cypress/psoc creator/4.2/psoc creator/import/gnu/arm/5.4.1/bin/../lib/gcc/arm-none-eabi/5.4.1/../../../../arm-none-eabi/lib/armv7-m\libg_nano.a(lib_a-reent.o)
                0x1fff81f4                errno
                0x1fff81f8                . = ALIGN (0x8)
 *(.ram.b)
                0x1fff81f8                _end = .
                0x1fff81f8                __end = .
                0x1fff81f8                PROVIDE (end, .)
                0x1fff81f8                PROVIDE (__bss_end__, .)
                0x00004b08                __cy_region_init_ram = LOADADDR (.data)
                0x000000b8                __cy_region_init_size_ram = (_edata - ADDR (.data))
                0x00000078                __cy_region_zero_size_ram = (_end - _edata)

.heap           0x1fff81f8      0x300 load address 0x00004bc0
                0x1fff81f8                . = _end
                0x1fff84f8                . = (. + 0x300)
 *fill*         0x1fff81f8      0x300 
                0x1fff84f8                __cy_heap_limit = .

.stack          0x20007800      0x800
                0x20007800                __cy_stack_limit = .
                0x20008000                . = (. + 0x800)
 *fill*         0x20007800      0x800 
                0x00000001                ASSERT ((__cy_stack_limit >= __cy_heap_limit), region RAM overflowed with stack)
                0x00000000                cy_checksum_exclude_size = (CY_APPL_LOADABLE == 0x1)?SIZEOF (.cy_checksum_exclude):0x0
                0x00000001                ASSERT ((cy_checksum_exclude_size <= CY_CHECKSUM_EXCLUDE_SIZE), CY_BOOT: Section .cy_checksum_exclude size exceedes specified limit.)

.cyloadermeta
 *(.cyloadermeta)

.cyloadablemeta
 *(.cyloadablemeta)

.cyconfigecc    0x80000000      0x4b4
 *(.cyconfigecc)
 .cyconfigecc   0x80000000      0x4b4 .\CortexM3\ARM_GCC_541\Debug\cymetadata.o
                0x80000000                cy_meta_configecc

.cycustnvl      0x90000000        0x4
 *(.cycustnvl)
 .cycustnvl     0x90000000        0x4 .\CortexM3\ARM_GCC_541\Debug\cymetadata.o
                0x90000000                cy_meta_custnvl

.cywolatch      0x90100000        0x4
 *(.cywolatch)
 .cywolatch     0x90100000        0x4 .\CortexM3\ARM_GCC_541\Debug\cymetadata.o
                0x90100000                cy_meta_wonvl

.cyeeprom       0x90200000        0x0
 *(.cyeeprom)
                0x00000001                ASSERT ((. <= ((0x90200000 + ee_offset) + ee_size)), .cyeeprom data will not fit in EEPROM)

.cyflashprotect
                0x90400000      0x100
 *(.cyflashprotect)
 .cyflashprotect
                0x90400000      0x100 .\CortexM3\ARM_GCC_541\Debug\cymetadata.o
                0x90400000                cy_meta_flashprotect

.cymeta         0x90500000        0xc
 *(.cymeta)
 .cymeta        0x90500000        0xc .\CortexM3\ARM_GCC_541\Debug\cymetadata.o
                0x90500000                cy_metadata

.rel.dyn        0x00004bc0        0x0 load address 0x9050000c
 .rel.iplt      0x00004bc0        0x0 c:/program files (x86)/cypress/psoc creator/4.2/psoc creator/import/gnu/arm/5.4.1/bin/../lib/gcc/arm-none-eabi/5.4.1/armv7-m/crtbegin.o

.stab           0x00000000       0x84
 *(.stab)
 .stab          0x00000000       0x24 c:/program files (x86)/cypress/psoc creator/4.2/psoc creator/import/gnu/arm/5.4.1/bin/../lib/gcc/arm-none-eabi/5.4.1/../../../../arm-none-eabi/lib/armv7-m\libnosys.a(close.o)
 .stab          0x00000024       0x18 c:/program files (x86)/cypress/psoc creator/4.2/psoc creator/import/gnu/arm/5.4.1/bin/../lib/gcc/arm-none-eabi/5.4.1/../../../../arm-none-eabi/lib/armv7-m\libnosys.a(fstat.o)
                                 0x24 (size before relaxing)
 .stab          0x0000003c       0x18 c:/program files (x86)/cypress/psoc creator/4.2/psoc creator/import/gnu/arm/5.4.1/bin/../lib/gcc/arm-none-eabi/5.4.1/../../../../arm-none-eabi/lib/armv7-m\libnosys.a(isatty.o)
                                 0x24 (size before relaxing)
 .stab          0x00000054       0x18 c:/program files (x86)/cypress/psoc creator/4.2/psoc creator/import/gnu/arm/5.4.1/bin/../lib/gcc/arm-none-eabi/5.4.1/../../../../arm-none-eabi/lib/armv7-m\libnosys.a(lseek.o)
                                 0x24 (size before relaxing)
 .stab          0x0000006c       0x18 c:/program files (x86)/cypress/psoc creator/4.2/psoc creator/import/gnu/arm/5.4.1/bin/../lib/gcc/arm-none-eabi/5.4.1/../../../../arm-none-eabi/lib/armv7-m\libnosys.a(read.o)
                                 0x24 (size before relaxing)

.stabstr        0x00000000      0x117
 *(.stabstr)
 .stabstr       0x00000000      0x117 c:/program files (x86)/cypress/psoc creator/4.2/psoc creator/import/gnu/arm/5.4.1/bin/../lib/gcc/arm-none-eabi/5.4.1/../../../../arm-none-eabi/lib/armv7-m\libnosys.a(close.o)

.debug
 *(.debug)

.line
 *(.line)

.debug_srcinfo
 *(.debug_srcinfo)

.debug_sfnames
 *(.debug_sfnames)

.debug_aranges  0x00000000      0x960
 *(.debug_aranges)
 .debug_aranges
                0x00000000       0x50 .\CortexM3\ARM_GCC_541\Debug\main.o
 .debug_aranges
                0x00000050       0x58 .\CortexM3\ARM_GCC_541\Debug\cyfitter_cfg.o
 .debug_aranges
                0x000000a8       0x18 .\CortexM3\ARM_GCC_541\Debug\cymetadata.o
 .debug_aranges
                0x000000c0       0x48 .\CortexM3\ARM_GCC_541\Debug\Cm3Start.o
 .debug_aranges
                0x00000108       0x38 .\CortexM3\ARM_GCC_541\Debug\I2C 19 feb.a(I2C.o)
 .debug_aranges
                0x00000140       0x20 .\CortexM3\ARM_GCC_541\Debug\I2C 19 feb.a(I2C_INT.o)
 .debug_aranges
                0x00000160       0x38 .\CortexM3\ARM_GCC_541\Debug\I2C 19 feb.a(I2C_PM.o)
 .debug_aranges
                0x00000198       0x80 .\CortexM3\ARM_GCC_541\Debug\I2C 19 feb.a(I2C_MASTER.o)
 .debug_aranges
                0x00000218       0x98 .\CortexM3\ARM_GCC_541\Debug\I2C 19 feb.a(LCD.o)
 .debug_aranges
                0x000002b0      0x2a0 .\CortexM3\ARM_GCC_541\Debug\I2C 19 feb.a(CyLib.o)
 .debug_aranges
                0x00000550       0x98 .\CortexM3\ARM_GCC_541\Debug\I2C 19 feb.a(cyPm.o)
 .debug_aranges
                0x000005e8       0xf0 .\CortexM3\ARM_GCC_541\Debug\I2C 19 feb.a(UART.o)
 .debug_aranges
                0x000006d8       0x70 .\CortexM3\ARM_GCC_541\Debug\I2C 19 feb.a(UART_IntClock.o)
 .debug_aranges
                0x00000748       0x70 .\CortexM3\ARM_GCC_541\Debug\I2C 19 feb.a(timer.o)
 .debug_aranges
                0x000007b8       0x80 .\CortexM3\ARM_GCC_541\Debug\I2C 19 feb.a(isr_timer.o)
 .debug_aranges
                0x00000838       0x20 .\CortexM3\ARM_GCC_541\Debug\I2C 19 feb.a(CyBootAsmGnu.o)
 .debug_aranges
                0x00000858       0x88 .\CortexM3\ARM_GCC_541\Debug\I2C 19 feb.a(CyFlash.o)
 .debug_aranges
                0x000008e0       0x80 .\CortexM3\ARM_GCC_541\Debug\I2C 19 feb.a(CySpc.o)

.debug_pubnames
 *(.debug_pubnames)

.debug_info     0x00000000     0x5cc6
 *(.debug_info .gnu.linkonce.wi.*)
 .debug_info    0x00000000      0x9f1 .\CortexM3\ARM_GCC_541\Debug\main.o
 .debug_info    0x000009f1      0x4c9 .\CortexM3\ARM_GCC_541\Debug\cyfitter_cfg.o
 .debug_info    0x00000eba      0x136 .\CortexM3\ARM_GCC_541\Debug\cymetadata.o
 .debug_info    0x00000ff0      0x3bb .\CortexM3\ARM_GCC_541\Debug\Cm3Start.o
 .debug_info    0x000013ab      0x2ad .\CortexM3\ARM_GCC_541\Debug\I2C 19 feb.a(I2C.o)
 .debug_info    0x00001658      0x184 .\CortexM3\ARM_GCC_541\Debug\I2C 19 feb.a(I2C_INT.o)
 .debug_info    0x000017dc      0x207 .\CortexM3\ARM_GCC_541\Debug\I2C 19 feb.a(I2C_PM.o)
 .debug_info    0x000019e3      0x407 .\CortexM3\ARM_GCC_541\Debug\I2C 19 feb.a(I2C_MASTER.o)
 .debug_info    0x00001dea      0x715 .\CortexM3\ARM_GCC_541\Debug\I2C 19 feb.a(LCD.o)
 .debug_info    0x000024ff     0x1374 .\CortexM3\ARM_GCC_541\Debug\I2C 19 feb.a(CyLib.o)
 .debug_info    0x00003873      0xa2a .\CortexM3\ARM_GCC_541\Debug\I2C 19 feb.a(cyPm.o)
 .debug_info    0x0000429d      0x60c .\CortexM3\ARM_GCC_541\Debug\I2C 19 feb.a(UART.o)
 .debug_info    0x000048a9      0x283 .\CortexM3\ARM_GCC_541\Debug\I2C 19 feb.a(UART_IntClock.o)
 .debug_info    0x00004b2c      0x283 .\CortexM3\ARM_GCC_541\Debug\I2C 19 feb.a(timer.o)
 .debug_info    0x00004daf      0x2d2 .\CortexM3\ARM_GCC_541\Debug\I2C 19 feb.a(isr_timer.o)
 .debug_info    0x00005081       0xa8 .\CortexM3\ARM_GCC_541\Debug\I2C 19 feb.a(CyBootAsmGnu.o)
 .debug_info    0x00005129      0x64d .\CortexM3\ARM_GCC_541\Debug\I2C 19 feb.a(CyFlash.o)
 .debug_info    0x00005776      0x550 .\CortexM3\ARM_GCC_541\Debug\I2C 19 feb.a(CySpc.o)

.debug_abbrev   0x00000000     0x17f9
 *(.debug_abbrev)
 .debug_abbrev  0x00000000      0x1a3 .\CortexM3\ARM_GCC_541\Debug\main.o
 .debug_abbrev  0x000001a3      0x1fe .\CortexM3\ARM_GCC_541\Debug\cyfitter_cfg.o
 .debug_abbrev  0x000003a1       0x77 .\CortexM3\ARM_GCC_541\Debug\cymetadata.o
 .debug_abbrev  0x00000418      0x1e8 .\CortexM3\ARM_GCC_541\Debug\Cm3Start.o
 .debug_abbrev  0x00000600      0x10a .\CortexM3\ARM_GCC_541\Debug\I2C 19 feb.a(I2C.o)
 .debug_abbrev  0x0000070a       0xb6 .\CortexM3\ARM_GCC_541\Debug\I2C 19 feb.a(I2C_INT.o)
 .debug_abbrev  0x000007c0       0xfe .\CortexM3\ARM_GCC_541\Debug\I2C 19 feb.a(I2C_PM.o)
 .debug_abbrev  0x000008be      0x13c .\CortexM3\ARM_GCC_541\Debug\I2C 19 feb.a(I2C_MASTER.o)
 .debug_abbrev  0x000009fa      0x157 .\CortexM3\ARM_GCC_541\Debug\I2C 19 feb.a(LCD.o)
 .debug_abbrev  0x00000b51      0x254 .\CortexM3\ARM_GCC_541\Debug\I2C 19 feb.a(CyLib.o)
 .debug_abbrev  0x00000da5      0x1ab .\CortexM3\ARM_GCC_541\Debug\I2C 19 feb.a(cyPm.o)
 .debug_abbrev  0x00000f50      0x175 .\CortexM3\ARM_GCC_541\Debug\I2C 19 feb.a(UART.o)
 .debug_abbrev  0x000010c5      0x139 .\CortexM3\ARM_GCC_541\Debug\I2C 19 feb.a(UART_IntClock.o)
 .debug_abbrev  0x000011fe      0x139 .\CortexM3\ARM_GCC_541\Debug\I2C 19 feb.a(timer.o)
 .debug_abbrev  0x00001337      0x173 .\CortexM3\ARM_GCC_541\Debug\I2C 19 feb.a(isr_timer.o)
 .debug_abbrev  0x000014aa       0x14 .\CortexM3\ARM_GCC_541\Debug\I2C 19 feb.a(CyBootAsmGnu.o)
 .debug_abbrev  0x000014be      0x1a7 .\CortexM3\ARM_GCC_541\Debug\I2C 19 feb.a(CyFlash.o)
 .debug_abbrev  0x00001665      0x194 .\CortexM3\ARM_GCC_541\Debug\I2C 19 feb.a(CySpc.o)

.debug_line     0x00000000     0x2600
 *(.debug_line)
 .debug_line    0x00000000      0x2f2 .\CortexM3\ARM_GCC_541\Debug\main.o
 .debug_line    0x000002f2      0x1d9 .\CortexM3\ARM_GCC_541\Debug\cyfitter_cfg.o
 .debug_line    0x000004cb      0x141 .\CortexM3\ARM_GCC_541\Debug\cymetadata.o
 .debug_line    0x0000060c      0x234 .\CortexM3\ARM_GCC_541\Debug\Cm3Start.o
 .debug_line    0x00000840       0xd9 .\CortexM3\ARM_GCC_541\Debug\I2C 19 feb.a(I2C.o)
 .debug_line    0x00000919      0x114 .\CortexM3\ARM_GCC_541\Debug\I2C 19 feb.a(I2C_INT.o)
 .debug_line    0x00000a2d       0xbb .\CortexM3\ARM_GCC_541\Debug\I2C 19 feb.a(I2C_PM.o)
 .debug_line    0x00000ae8      0x1fd .\CortexM3\ARM_GCC_541\Debug\I2C 19 feb.a(I2C_MASTER.o)
 .debug_line    0x00000ce5      0x1dc .\CortexM3\ARM_GCC_541\Debug\I2C 19 feb.a(LCD.o)
 .debug_line    0x00000ec1      0x816 .\CortexM3\ARM_GCC_541\Debug\I2C 19 feb.a(CyLib.o)
 .debug_line    0x000016d7      0x367 .\CortexM3\ARM_GCC_541\Debug\I2C 19 feb.a(cyPm.o)
 .debug_line    0x00001a3e      0x2bc .\CortexM3\ARM_GCC_541\Debug\I2C 19 feb.a(UART.o)
 .debug_line    0x00001cfa      0x17c .\CortexM3\ARM_GCC_541\Debug\I2C 19 feb.a(UART_IntClock.o)
 .debug_line    0x00001e76      0x174 .\CortexM3\ARM_GCC_541\Debug\I2C 19 feb.a(timer.o)
 .debug_line    0x00001fea      0x136 .\CortexM3\ARM_GCC_541\Debug\I2C 19 feb.a(isr_timer.o)
 .debug_line    0x00002120       0x66 .\CortexM3\ARM_GCC_541\Debug\I2C 19 feb.a(CyBootAsmGnu.o)
 .debug_line    0x00002186      0x21a .\CortexM3\ARM_GCC_541\Debug\I2C 19 feb.a(CyFlash.o)
 .debug_line    0x000023a0      0x260 .\CortexM3\ARM_GCC_541\Debug\I2C 19 feb.a(CySpc.o)

.debug_frame    0x00000000     0x26a4
 *(.debug_frame)
 .debug_frame   0x00000000       0xe8 .\CortexM3\ARM_GCC_541\Debug\main.o
 .debug_frame   0x000000e8       0xe4 .\CortexM3\ARM_GCC_541\Debug\cyfitter_cfg.o
 .debug_frame   0x000001cc       0xb8 .\CortexM3\ARM_GCC_541\Debug\Cm3Start.o
 .debug_frame   0x00000284       0x94 .\CortexM3\ARM_GCC_541\Debug\I2C 19 feb.a(I2C.o)
 .debug_frame   0x00000318       0x30 .\CortexM3\ARM_GCC_541\Debug\I2C 19 feb.a(I2C_INT.o)
 .debug_frame   0x00000348       0x74 .\CortexM3\ARM_GCC_541\Debug\I2C 19 feb.a(I2C_PM.o)
 .debug_frame   0x000003bc      0x138 .\CortexM3\ARM_GCC_541\Debug\I2C 19 feb.a(I2C_MASTER.o)
 .debug_frame   0x000004f4      0x1e8 .\CortexM3\ARM_GCC_541\Debug\I2C 19 feb.a(LCD.o)
 .debug_frame   0x000006dc      0x738 .\CortexM3\ARM_GCC_541\Debug\I2C 19 feb.a(CyLib.o)
 .debug_frame   0x00000e14      0x1f8 .\CortexM3\ARM_GCC_541\Debug\I2C 19 feb.a(cyPm.o)
 .debug_frame   0x0000100c      0x250 .\CortexM3\ARM_GCC_541\Debug\I2C 19 feb.a(UART.o)
 .debug_frame   0x0000125c       0xe0 .\CortexM3\ARM_GCC_541\Debug\I2C 19 feb.a(UART_IntClock.o)
 .debug_frame   0x0000133c       0xe0 .\CortexM3\ARM_GCC_541\Debug\I2C 19 feb.a(timer.o)
 .debug_frame   0x0000141c      0x104 .\CortexM3\ARM_GCC_541\Debug\I2C 19 feb.a(isr_timer.o)
 .debug_frame   0x00001520      0x194 .\CortexM3\ARM_GCC_541\Debug\I2C 19 feb.a(CyFlash.o)
 .debug_frame   0x000016b4      0x180 .\CortexM3\ARM_GCC_541\Debug\I2C 19 feb.a(CySpc.o)
 .debug_frame   0x00001834       0x20 c:/program files (x86)/cypress/psoc creator/4.2/psoc creator/import/gnu/arm/5.4.1/bin/../lib/gcc/arm-none-eabi/5.4.1/../../../../arm-none-eabi/lib/armv7-m\libg_nano.a(lib_a-errno.o)
 .debug_frame   0x00001854       0x28 c:/program files (x86)/cypress/psoc creator/4.2/psoc creator/import/gnu/arm/5.4.1/bin/../lib/gcc/arm-none-eabi/5.4.1/../../../../arm-none-eabi/lib/armv7-m\libg_nano.a(lib_a-exit.o)
 .debug_frame   0x0000187c       0x2c c:/program files (x86)/cypress/psoc creator/4.2/psoc creator/import/gnu/arm/5.4.1/bin/../lib/gcc/arm-none-eabi/5.4.1/../../../../arm-none-eabi/lib/armv7-m\libg_nano.a(lib_a-init.o)
 .debug_frame   0x000018a8       0x28 c:/program files (x86)/cypress/psoc creator/4.2/psoc creator/import/gnu/arm/5.4.1/bin/../lib/gcc/arm-none-eabi/5.4.1/../../../../arm-none-eabi/lib/armv7-m\libg_nano.a(lib_a-memcpy-stub.o)
 .debug_frame   0x000018d0       0x20 c:/program files (x86)/cypress/psoc creator/4.2/psoc creator/import/gnu/arm/5.4.1/bin/../lib/gcc/arm-none-eabi/5.4.1/../../../../arm-none-eabi/lib/armv7-m\libg_nano.a(lib_a-memset.o)
 .debug_frame   0x000018f0       0x8c c:/program files (x86)/cypress/psoc creator/4.2/psoc creator/import/gnu/arm/5.4.1/bin/../lib/gcc/arm-none-eabi/5.4.1/../../../../arm-none-eabi/lib/armv7-m\libg_nano.a(lib_a-nano-vfprintf_float.o)
 .debug_frame   0x0000197c       0x60 c:/program files (x86)/cypress/psoc creator/4.2/psoc creator/import/gnu/arm/5.4.1/bin/../lib/gcc/arm-none-eabi/5.4.1/../../../../arm-none-eabi/lib/armv7-m\libg_nano.a(lib_a-nano-vfprintf_i.o)
 .debug_frame   0x000019dc       0x74 c:/program files (x86)/cypress/psoc creator/4.2/psoc creator/import/gnu/arm/5.4.1/bin/../lib/gcc/arm-none-eabi/5.4.1/../../../../arm-none-eabi/lib/armv7-m\libg_nano.a(lib_a-printf.o)
 .debug_frame   0x00001a50       0x70 c:/program files (x86)/cypress/psoc creator/4.2/psoc creator/import/gnu/arm/5.4.1/bin/../lib/gcc/arm-none-eabi/5.4.1/../../../../arm-none-eabi/lib/armv7-m\libg_nano.a(lib_a-sprintf.o)
 .debug_frame   0x00001ac0       0x28 c:/program files (x86)/cypress/psoc creator/4.2/psoc creator/import/gnu/arm/5.4.1/bin/../lib/gcc/arm-none-eabi/5.4.1/../../../../arm-none-eabi/lib/armv7-m\libg_nano.a(lib_a-strcat.o)
 .debug_frame   0x00001ae8       0x6c c:/program files (x86)/cypress/psoc creator/4.2/psoc creator/import/gnu/arm/5.4.1/bin/../lib/gcc/arm-none-eabi/5.4.1/../../../../arm-none-eabi/lib/armv7-m\libg_nano.a(lib_a-dtoa.o)
 .debug_frame   0x00001b54      0x11c c:/program files (x86)/cypress/psoc creator/4.2/psoc creator/import/gnu/arm/5.4.1/bin/../lib/gcc/arm-none-eabi/5.4.1/../../../../arm-none-eabi/lib/armv7-m\libg_nano.a(lib_a-findfp.o)
 .debug_frame   0x00001c70       0x54 c:/program files (x86)/cypress/psoc creator/4.2/psoc creator/import/gnu/arm/5.4.1/bin/../lib/gcc/arm-none-eabi/5.4.1/../../../../arm-none-eabi/lib/armv7-m\libg_nano.a(lib_a-fwalk.o)
 .debug_frame   0x00001cc4       0x98 c:/program files (x86)/cypress/psoc creator/4.2/psoc creator/import/gnu/arm/5.4.1/bin/../lib/gcc/arm-none-eabi/5.4.1/../../../../arm-none-eabi/lib/armv7-m\libg_nano.a(lib_a-locale.o)
 .debug_frame   0x00001d5c       0x30 c:/program files (x86)/cypress/psoc creator/4.2/psoc creator/import/gnu/arm/5.4.1/bin/../lib/gcc/arm-none-eabi/5.4.1/../../../../arm-none-eabi/lib/armv7-m\libg_nano.a(lib_a-malloc.o)
 .debug_frame   0x00001d8c       0x28 c:/program files (x86)/cypress/psoc creator/4.2/psoc creator/import/gnu/arm/5.4.1/bin/../lib/gcc/arm-none-eabi/5.4.1/../../../../arm-none-eabi/lib/armv7-m\libg_nano.a(lib_a-memchr-stub.o)
 .debug_frame   0x00001db4      0x234 c:/program files (x86)/cypress/psoc creator/4.2/psoc creator/import/gnu/arm/5.4.1/bin/../lib/gcc/arm-none-eabi/5.4.1/../../../../arm-none-eabi/lib/armv7-m\libg_nano.a(lib_a-mprec.o)
 .debug_frame   0x00001fe8       0x2c c:/program files (x86)/cypress/psoc creator/4.2/psoc creator/import/gnu/arm/5.4.1/bin/../lib/gcc/arm-none-eabi/5.4.1/../../../../arm-none-eabi/lib/armv7-m\libg_nano.a(lib_a-nano-callocr.o)
 .debug_frame   0x00002014       0x38 c:/program files (x86)/cypress/psoc creator/4.2/psoc creator/import/gnu/arm/5.4.1/bin/../lib/gcc/arm-none-eabi/5.4.1/../../../../arm-none-eabi/lib/armv7-m\libg_nano.a(lib_a-nano-freer.o)
 .debug_frame   0x0000204c       0x2c c:/program files (x86)/cypress/psoc creator/4.2/psoc creator/import/gnu/arm/5.4.1/bin/../lib/gcc/arm-none-eabi/5.4.1/../../../../arm-none-eabi/lib/armv7-m\libg_nano.a(lib_a-nano-mallocr.o)
 .debug_frame   0x00002078       0x90 c:/program files (x86)/cypress/psoc creator/4.2/psoc creator/import/gnu/arm/5.4.1/bin/../lib/gcc/arm-none-eabi/5.4.1/../../../../arm-none-eabi/lib/armv7-m\libg_nano.a(lib_a-nano-svfprintf.o)
 .debug_frame   0x00002108       0xac c:/program files (x86)/cypress/psoc creator/4.2/psoc creator/import/gnu/arm/5.4.1/bin/../lib/gcc/arm-none-eabi/5.4.1/../../../../arm-none-eabi/lib/armv7-m\libg_nano.a(lib_a-nano-vfprintf.o)
 .debug_frame   0x000021b4       0x2c c:/program files (x86)/cypress/psoc creator/4.2/psoc creator/import/gnu/arm/5.4.1/bin/../lib/gcc/arm-none-eabi/5.4.1/../../../../arm-none-eabi/lib/armv7-m\libg_nano.a(lib_a-sbrkr.o)
 .debug_frame   0x000021e0       0x88 c:/program files (x86)/cypress/psoc creator/4.2/psoc creator/import/gnu/arm/5.4.1/bin/../lib/gcc/arm-none-eabi/5.4.1/../../../../arm-none-eabi/lib/armv7-m\libg_nano.a(lib_a-stdio.o)
 .debug_frame   0x00002268       0x20 c:/program files (x86)/cypress/psoc creator/4.2/psoc creator/import/gnu/arm/5.4.1/bin/../lib/gcc/arm-none-eabi/5.4.1/../../../../arm-none-eabi/lib/armv7-m\libg_nano.a(lib_a-strcmp.o)
 .debug_frame   0x00002288       0x40 c:/program files (x86)/cypress/psoc creator/4.2/psoc creator/import/gnu/arm/5.4.1/bin/../lib/gcc/arm-none-eabi/5.4.1/../../../../arm-none-eabi/lib/armv7-m\libg_nano.a(lib_a-wbuf.o)
 .debug_frame   0x000022c8       0x2c c:/program files (x86)/cypress/psoc creator/4.2/psoc creator/import/gnu/arm/5.4.1/bin/../lib/gcc/arm-none-eabi/5.4.1/../../../../arm-none-eabi/lib/armv7-m\libg_nano.a(lib_a-writer.o)
 .debug_frame   0x000022f4       0x2c c:/program files (x86)/cypress/psoc creator/4.2/psoc creator/import/gnu/arm/5.4.1/bin/../lib/gcc/arm-none-eabi/5.4.1/../../../../arm-none-eabi/lib/armv7-m\libg_nano.a(lib_a-wsetup.o)
 .debug_frame   0x00002320       0x2c c:/program files (x86)/cypress/psoc creator/4.2/psoc creator/import/gnu/arm/5.4.1/bin/../lib/gcc/arm-none-eabi/5.4.1/../../../../arm-none-eabi/lib/armv7-m\libg_nano.a(lib_a-closer.o)
 .debug_frame   0x0000234c       0x68 c:/program files (x86)/cypress/psoc creator/4.2/psoc creator/import/gnu/arm/5.4.1/bin/../lib/gcc/arm-none-eabi/5.4.1/../../../../arm-none-eabi/lib/armv7-m\libg_nano.a(lib_a-fflush.o)
 .debug_frame   0x000023b4       0x3c c:/program files (x86)/cypress/psoc creator/4.2/psoc creator/import/gnu/arm/5.4.1/bin/../lib/gcc/arm-none-eabi/5.4.1/../../../../arm-none-eabi/lib/armv7-m\libg_nano.a(lib_a-fvwrite.o)
 .debug_frame   0x000023f0       0x2c c:/program files (x86)/cypress/psoc creator/4.2/psoc creator/import/gnu/arm/5.4.1/bin/../lib/gcc/arm-none-eabi/5.4.1/../../../../arm-none-eabi/lib/armv7-m\libg_nano.a(lib_a-lseekr.o)
 .debug_frame   0x0000241c       0x54 c:/program files (x86)/cypress/psoc creator/4.2/psoc creator/import/gnu/arm/5.4.1/bin/../lib/gcc/arm-none-eabi/5.4.1/../../../../arm-none-eabi/lib/armv7-m\libg_nano.a(lib_a-makebuf.o)
 .debug_frame   0x00002470       0x28 c:/program files (x86)/cypress/psoc creator/4.2/psoc creator/import/gnu/arm/5.4.1/bin/../lib/gcc/arm-none-eabi/5.4.1/../../../../arm-none-eabi/lib/armv7-m\libg_nano.a(lib_a-memmove.o)
 .debug_frame   0x00002498       0x30 c:/program files (x86)/cypress/psoc creator/4.2/psoc creator/import/gnu/arm/5.4.1/bin/../lib/gcc/arm-none-eabi/5.4.1/../../../../arm-none-eabi/lib/armv7-m\libg_nano.a(lib_a-mlock.o)
 .debug_frame   0x000024c8       0x3c c:/program files (x86)/cypress/psoc creator/4.2/psoc creator/import/gnu/arm/5.4.1/bin/../lib/gcc/arm-none-eabi/5.4.1/../../../../arm-none-eabi/lib/armv7-m\libg_nano.a(lib_a-nano-reallocr.o)
 .debug_frame   0x00002504       0x2c c:/program files (x86)/cypress/psoc creator/4.2/psoc creator/import/gnu/arm/5.4.1/bin/../lib/gcc/arm-none-eabi/5.4.1/../../../../arm-none-eabi/lib/armv7-m\libg_nano.a(lib_a-readr.o)
 .debug_frame   0x00002530       0x5c c:/program files (x86)/cypress/psoc creator/4.2/psoc creator/import/gnu/arm/5.4.1/bin/../lib/gcc/arm-none-eabi/5.4.1/../../../../arm-none-eabi/lib/armv7-m\libg_nano.a(lib_a-reent.o)
 .debug_frame   0x0000258c       0x2c c:/program files (x86)/cypress/psoc creator/4.2/psoc creator/import/gnu/arm/5.4.1/bin/../lib/gcc/arm-none-eabi/5.4.1/../../../../arm-none-eabi/lib/armv7-m\libg_nano.a(lib_a-fstatr.o)
 .debug_frame   0x000025b8       0x2c c:/program files (x86)/cypress/psoc creator/4.2/psoc creator/import/gnu/arm/5.4.1/bin/../lib/gcc/arm-none-eabi/5.4.1/../../../../arm-none-eabi/lib/armv7-m\libg_nano.a(lib_a-isattyr.o)
 .debug_frame   0x000025e4       0x20 c:/program files (x86)/cypress/psoc creator/4.2/psoc creator/import/gnu/arm/5.4.1/bin/../lib/gcc/arm-none-eabi/5.4.1/../../../../arm-none-eabi/lib/armv7-m\libg_nano.a(lib_a-nano-msizer.o)
 .debug_frame   0x00002604       0x20 c:/program files (x86)/cypress/psoc creator/4.2/psoc creator/import/gnu/arm/5.4.1/bin/../lib/gcc/arm-none-eabi/5.4.1/../../../../arm-none-eabi/lib/armv7-m\libnosys.a(close.o)
 .debug_frame   0x00002624       0x20 c:/program files (x86)/cypress/psoc creator/4.2/psoc creator/import/gnu/arm/5.4.1/bin/../lib/gcc/arm-none-eabi/5.4.1/../../../../arm-none-eabi/lib/armv7-m\libnosys.a(fstat.o)
 .debug_frame   0x00002644       0x20 c:/program files (x86)/cypress/psoc creator/4.2/psoc creator/import/gnu/arm/5.4.1/bin/../lib/gcc/arm-none-eabi/5.4.1/../../../../arm-none-eabi/lib/armv7-m\libnosys.a(isatty.o)
 .debug_frame   0x00002664       0x20 c:/program files (x86)/cypress/psoc creator/4.2/psoc creator/import/gnu/arm/5.4.1/bin/../lib/gcc/arm-none-eabi/5.4.1/../../../../arm-none-eabi/lib/armv7-m\libnosys.a(lseek.o)
 .debug_frame   0x00002684       0x20 c:/program files (x86)/cypress/psoc creator/4.2/psoc creator/import/gnu/arm/5.4.1/bin/../lib/gcc/arm-none-eabi/5.4.1/../../../../arm-none-eabi/lib/armv7-m\libnosys.a(read.o)

.debug_str      0x00000000     0x1e96
 *(.debug_str)
 .debug_str     0x00000000      0x38f .\CortexM3\ARM_GCC_541\Debug\main.o
                                0x3f9 (size before relaxing)
 .debug_str     0x0000038f      0x173 .\CortexM3\ARM_GCC_541\Debug\cyfitter_cfg.o
                                0x327 (size before relaxing)
 .debug_str     0x00000502       0x7f .\CortexM3\ARM_GCC_541\Debug\cymetadata.o
                                0x1fc (size before relaxing)
 .debug_str     0x00000581      0x144 .\CortexM3\ARM_GCC_541\Debug\Cm3Start.o
                                0x322 (size before relaxing)
 .debug_str     0x000006c5      0x123 .\CortexM3\ARM_GCC_541\Debug\I2C 19 feb.a(I2C.o)
                                0x2f9 (size before relaxing)
 .debug_str     0x000007e8       0x86 .\CortexM3\ARM_GCC_541\Debug\I2C 19 feb.a(I2C_INT.o)
                                0x277 (size before relaxing)
 .debug_str     0x0000086e       0x56 .\CortexM3\ARM_GCC_541\Debug\I2C 19 feb.a(I2C_PM.o)
                                0x295 (size before relaxing)
 .debug_str     0x000008c4      0x111 .\CortexM3\ARM_GCC_541\Debug\I2C 19 feb.a(I2C_MASTER.o)
                                0x3bc (size before relaxing)
 .debug_str     0x000009d5      0x141 .\CortexM3\ARM_GCC_541\Debug\I2C 19 feb.a(LCD.o)
                                0x343 (size before relaxing)
 .debug_str     0x00000b16      0x7d2 .\CortexM3\ARM_GCC_541\Debug\I2C 19 feb.a(CyLib.o)
                                0xa5f (size before relaxing)
 .debug_str     0x000012e8      0x365 .\CortexM3\ARM_GCC_541\Debug\I2C 19 feb.a(cyPm.o)
                                0x74b (size before relaxing)
 .debug_str     0x0000164d      0x282 .\CortexM3\ARM_GCC_541\Debug\I2C 19 feb.a(UART.o)
                                0x48d (size before relaxing)
 .debug_str     0x000018cf      0x183 .\CortexM3\ARM_GCC_541\Debug\I2C 19 feb.a(UART_IntClock.o)
                                0x34e (size before relaxing)
 .debug_str     0x00001a52       0xe8 .\CortexM3\ARM_GCC_541\Debug\I2C 19 feb.a(timer.o)
                                0x2ee (size before relaxing)
 .debug_str     0x00001b3a       0xf5 .\CortexM3\ARM_GCC_541\Debug\I2C 19 feb.a(isr_timer.o)
                                0x2f6 (size before relaxing)
 .debug_str     0x00001c2f      0x1bb .\CortexM3\ARM_GCC_541\Debug\I2C 19 feb.a(CyFlash.o)
                                0x3d8 (size before relaxing)
 .debug_str     0x00001dea       0xac .\CortexM3\ARM_GCC_541\Debug\I2C 19 feb.a(CySpc.o)
                                0x350 (size before relaxing)

.debug_loc      0x00000000     0x295c
 *(.debug_loc)
 .debug_loc     0x00000000      0x129 .\CortexM3\ARM_GCC_541\Debug\main.o
 .debug_loc     0x00000129      0x1d7 .\CortexM3\ARM_GCC_541\Debug\cyfitter_cfg.o
 .debug_loc     0x00000300      0x144 .\CortexM3\ARM_GCC_541\Debug\Cm3Start.o
 .debug_loc     0x00000444       0x39 .\CortexM3\ARM_GCC_541\Debug\I2C 19 feb.a(I2C.o)
 .debug_loc     0x0000047d       0x29 .\CortexM3\ARM_GCC_541\Debug\I2C 19 feb.a(I2C_INT.o)
 .debug_loc     0x000004a6       0x13 .\CortexM3\ARM_GCC_541\Debug\I2C 19 feb.a(I2C_PM.o)
 .debug_loc     0x000004b9      0x52f .\CortexM3\ARM_GCC_541\Debug\I2C 19 feb.a(I2C_MASTER.o)
 .debug_loc     0x000009e8      0x3c6 .\CortexM3\ARM_GCC_541\Debug\I2C 19 feb.a(LCD.o)
 .debug_loc     0x00000dae      0xa11 .\CortexM3\ARM_GCC_541\Debug\I2C 19 feb.a(CyLib.o)
 .debug_loc     0x000017bf      0x1e4 .\CortexM3\ARM_GCC_541\Debug\I2C 19 feb.a(cyPm.o)
 .debug_loc     0x000019a3      0x258 .\CortexM3\ARM_GCC_541\Debug\I2C 19 feb.a(UART.o)
 .debug_loc     0x00001bfb      0x12c .\CortexM3\ARM_GCC_541\Debug\I2C 19 feb.a(UART_IntClock.o)
 .debug_loc     0x00001d27      0x128 .\CortexM3\ARM_GCC_541\Debug\I2C 19 feb.a(timer.o)
 .debug_loc     0x00001e4f       0x56 .\CortexM3\ARM_GCC_541\Debug\I2C 19 feb.a(isr_timer.o)
 .debug_loc     0x00001ea5      0x3b2 .\CortexM3\ARM_GCC_541\Debug\I2C 19 feb.a(CyFlash.o)
 .debug_loc     0x00002257      0x705 .\CortexM3\ARM_GCC_541\Debug\I2C 19 feb.a(CySpc.o)

.debug_macinfo
 *(.debug_macinfo)

.debug_ranges   0x00000000      0x828
 *(.debug_ranges)
 .debug_ranges  0x00000000       0x40 .\CortexM3\ARM_GCC_541\Debug\main.o
 .debug_ranges  0x00000040       0x48 .\CortexM3\ARM_GCC_541\Debug\cyfitter_cfg.o
 .debug_ranges  0x00000088       0x38 .\CortexM3\ARM_GCC_541\Debug\Cm3Start.o
 .debug_ranges  0x000000c0       0x28 .\CortexM3\ARM_GCC_541\Debug\I2C 19 feb.a(I2C.o)
 .debug_ranges  0x000000e8       0x10 .\CortexM3\ARM_GCC_541\Debug\I2C 19 feb.a(I2C_INT.o)
 .debug_ranges  0x000000f8       0x28 .\CortexM3\ARM_GCC_541\Debug\I2C 19 feb.a(I2C_PM.o)
 .debug_ranges  0x00000120       0x70 .\CortexM3\ARM_GCC_541\Debug\I2C 19 feb.a(I2C_MASTER.o)
 .debug_ranges  0x00000190       0x88 .\CortexM3\ARM_GCC_541\Debug\I2C 19 feb.a(LCD.o)
 .debug_ranges  0x00000218      0x290 .\CortexM3\ARM_GCC_541\Debug\I2C 19 feb.a(CyLib.o)
 .debug_ranges  0x000004a8       0x88 .\CortexM3\ARM_GCC_541\Debug\I2C 19 feb.a(cyPm.o)
 .debug_ranges  0x00000530       0xe0 .\CortexM3\ARM_GCC_541\Debug\I2C 19 feb.a(UART.o)
 .debug_ranges  0x00000610       0x60 .\CortexM3\ARM_GCC_541\Debug\I2C 19 feb.a(UART_IntClock.o)
 .debug_ranges  0x00000670       0x60 .\CortexM3\ARM_GCC_541\Debug\I2C 19 feb.a(timer.o)
 .debug_ranges  0x000006d0       0x70 .\CortexM3\ARM_GCC_541\Debug\I2C 19 feb.a(isr_timer.o)
 .debug_ranges  0x00000740       0x78 .\CortexM3\ARM_GCC_541\Debug\I2C 19 feb.a(CyFlash.o)
 .debug_ranges  0x000007b8       0x70 .\CortexM3\ARM_GCC_541\Debug\I2C 19 feb.a(CySpc.o)

.comment        0x00000000       0x6e
 .comment       0x00000000       0x6e .\CortexM3\ARM_GCC_541\Debug\main.o
                                 0x6f (size before relaxing)
 .comment       0x0000006e       0x6f .\CortexM3\ARM_GCC_541\Debug\cyfitter_cfg.o
 .comment       0x0000006e       0x6f .\CortexM3\ARM_GCC_541\Debug\cymetadata.o
 .comment       0x0000006e       0x6f .\CortexM3\ARM_GCC_541\Debug\Cm3Start.o
 .comment       0x0000006e       0x6f .\CortexM3\ARM_GCC_541\Debug\I2C 19 feb.a(I2C.o)
 .comment       0x0000006e       0x6f .\CortexM3\ARM_GCC_541\Debug\I2C 19 feb.a(I2C_INT.o)
 .comment       0x0000006e       0x6f .\CortexM3\ARM_GCC_541\Debug\I2C 19 feb.a(I2C_PM.o)
 .comment       0x0000006e       0x6f .\CortexM3\ARM_GCC_541\Debug\I2C 19 feb.a(I2C_MASTER.o)
 .comment       0x0000006e       0x6f .\CortexM3\ARM_GCC_541\Debug\I2C 19 feb.a(LCD.o)
 .comment       0x0000006e       0x6f .\CortexM3\ARM_GCC_541\Debug\I2C 19 feb.a(CyLib.o)
 .comment       0x0000006e       0x6f .\CortexM3\ARM_GCC_541\Debug\I2C 19 feb.a(cyPm.o)
 .comment       0x0000006e       0x6f .\CortexM3\ARM_GCC_541\Debug\I2C 19 feb.a(UART.o)
 .comment       0x0000006e       0x6f .\CortexM3\ARM_GCC_541\Debug\I2C 19 feb.a(UART_IntClock.o)
 .comment       0x0000006e       0x6f .\CortexM3\ARM_GCC_541\Debug\I2C 19 feb.a(timer.o)
 .comment       0x0000006e       0x6f .\CortexM3\ARM_GCC_541\Debug\I2C 19 feb.a(isr_timer.o)
 .comment       0x0000006e       0x6f .\CortexM3\ARM_GCC_541\Debug\I2C 19 feb.a(CyFlash.o)
 .comment       0x0000006e       0x6f .\CortexM3\ARM_GCC_541\Debug\I2C 19 feb.a(CySpc.o)

.debug_weaknames
 *(.debug_weaknames)

.debug_funcnames
 *(.debug_funcnames)

.debug_typenames
 *(.debug_typenames)

.debug_varnames
 *(.debug_varnames)

.note.gnu.arm.ident
 *(.note.gnu.arm.ident)

.ARM.attributes
                0x00000000       0x29
 *(.ARM.attributes)
 .ARM.attributes
                0x00000000       0x1d c:/program files (x86)/cypress/psoc creator/4.2/psoc creator/import/gnu/arm/5.4.1/bin/../lib/gcc/arm-none-eabi/5.4.1/armv7-m/crti.o
 .ARM.attributes
                0x0000001d       0x2d c:/program files (x86)/cypress/psoc creator/4.2/psoc creator/import/gnu/arm/5.4.1/bin/../lib/gcc/arm-none-eabi/5.4.1/armv7-m/crtbegin.o
 .ARM.attributes
                0x0000004a       0x1b c:/program files (x86)/cypress/psoc creator/4.2/psoc creator/import/gnu/arm/5.4.1/bin/../lib/gcc/arm-none-eabi/5.4.1/../../../../arm-none-eabi/lib/armv7-m/crt0.o
 .ARM.attributes
                0x00000065       0x33 .\CortexM3\ARM_GCC_541\Debug\main.o
 .ARM.attributes
                0x00000098       0x33 .\CortexM3\ARM_GCC_541\Debug\cyfitter_cfg.o
 .ARM.attributes
                0x000000cb       0x33 .\CortexM3\ARM_GCC_541\Debug\cymetadata.o
 .ARM.attributes
                0x000000fe       0x33 .\CortexM3\ARM_GCC_541\Debug\Cm3Start.o
 .ARM.attributes
                0x00000131       0x33 .\CortexM3\ARM_GCC_541\Debug\I2C 19 feb.a(I2C.o)
 .ARM.attributes
                0x00000164       0x33 .\CortexM3\ARM_GCC_541\Debug\I2C 19 feb.a(I2C_INT.o)
 .ARM.attributes
                0x00000197       0x33 .\CortexM3\ARM_GCC_541\Debug\I2C 19 feb.a(I2C_PM.o)
 .ARM.attributes
                0x000001ca       0x33 .\CortexM3\ARM_GCC_541\Debug\I2C 19 feb.a(I2C_MASTER.o)
 .ARM.attributes
                0x000001fd       0x33 .\CortexM3\ARM_GCC_541\Debug\I2C 19 feb.a(LCD.o)
 .ARM.attributes
                0x00000230       0x33 .\CortexM3\ARM_GCC_541\Debug\I2C 19 feb.a(CyLib.o)
 .ARM.attributes
                0x00000263       0x33 .\CortexM3\ARM_GCC_541\Debug\I2C 19 feb.a(cyPm.o)
 .ARM.attributes
                0x00000296       0x33 .\CortexM3\ARM_GCC_541\Debug\I2C 19 feb.a(UART.o)
 .ARM.attributes
                0x000002c9       0x33 .\CortexM3\ARM_GCC_541\Debug\I2C 19 feb.a(UART_IntClock.o)
 .ARM.attributes
                0x000002fc       0x33 .\CortexM3\ARM_GCC_541\Debug\I2C 19 feb.a(timer.o)
 .ARM.attributes
                0x0000032f       0x33 .\CortexM3\ARM_GCC_541\Debug\I2C 19 feb.a(isr_timer.o)
 .ARM.attributes
                0x00000362       0x21 .\CortexM3\ARM_GCC_541\Debug\I2C 19 feb.a(CyBootAsmGnu.o)
 .ARM.attributes
                0x00000383       0x33 .\CortexM3\ARM_GCC_541\Debug\I2C 19 feb.a(CyFlash.o)
 .ARM.attributes
                0x000003b6       0x33 .\CortexM3\ARM_GCC_541\Debug\I2C 19 feb.a(CySpc.o)
 .ARM.attributes
                0x000003e9       0x1d c:/program files (x86)/cypress/psoc creator/4.2/psoc creator/import/gnu/arm/5.4.1/bin/../lib/gcc/arm-none-eabi/5.4.1/armv7-m\libgcc.a(_arm_addsubsf3.o)
 .ARM.attributes
                0x00000406       0x1d c:/program files (x86)/cypress/psoc creator/4.2/psoc creator/import/gnu/arm/5.4.1/bin/../lib/gcc/arm-none-eabi/5.4.1/armv7-m\libgcc.a(_arm_muldivsf3.o)
 .ARM.attributes
                0x00000423       0x1d c:/program files (x86)/cypress/psoc creator/4.2/psoc creator/import/gnu/arm/5.4.1/bin/../lib/gcc/arm-none-eabi/5.4.1/armv7-m\libgcc.a(_arm_fixunssfsi.o)
 .ARM.attributes
                0x00000440       0x2d c:/program files (x86)/cypress/psoc creator/4.2/psoc creator/import/gnu/arm/5.4.1/bin/../lib/gcc/arm-none-eabi/5.4.1/../../../../arm-none-eabi/lib/armv7-m\libg_nano.a(lib_a-errno.o)
 .ARM.attributes
                0x0000046d       0x2d c:/program files (x86)/cypress/psoc creator/4.2/psoc creator/import/gnu/arm/5.4.1/bin/../lib/gcc/arm-none-eabi/5.4.1/../../../../arm-none-eabi/lib/armv7-m\libg_nano.a(lib_a-exit.o)
 .ARM.attributes
                0x0000049a       0x2d c:/program files (x86)/cypress/psoc creator/4.2/psoc creator/import/gnu/arm/5.4.1/bin/../lib/gcc/arm-none-eabi/5.4.1/../../../../arm-none-eabi/lib/armv7-m\libg_nano.a(lib_a-impure.o)
 .ARM.attributes
                0x000004c7       0x2d c:/program files (x86)/cypress/psoc creator/4.2/psoc creator/import/gnu/arm/5.4.1/bin/../lib/gcc/arm-none-eabi/5.4.1/../../../../arm-none-eabi/lib/armv7-m\libg_nano.a(lib_a-init.o)
 .ARM.attributes
                0x000004f4       0x2d c:/program files (x86)/cypress/psoc creator/4.2/psoc creator/import/gnu/arm/5.4.1/bin/../lib/gcc/arm-none-eabi/5.4.1/../../../../arm-none-eabi/lib/armv7-m\libg_nano.a(lib_a-memcpy-stub.o)
 .ARM.attributes
                0x00000521       0x2d c:/program files (x86)/cypress/psoc creator/4.2/psoc creator/import/gnu/arm/5.4.1/bin/../lib/gcc/arm-none-eabi/5.4.1/../../../../arm-none-eabi/lib/armv7-m\libg_nano.a(lib_a-memset.o)
 .ARM.attributes
                0x0000054e       0x2d c:/program files (x86)/cypress/psoc creator/4.2/psoc creator/import/gnu/arm/5.4.1/bin/../lib/gcc/arm-none-eabi/5.4.1/../../../../arm-none-eabi/lib/armv7-m\libg_nano.a(lib_a-nano-vfprintf_float.o)
 .ARM.attributes
                0x0000057b       0x2d c:/program files (x86)/cypress/psoc creator/4.2/psoc creator/import/gnu/arm/5.4.1/bin/../lib/gcc/arm-none-eabi/5.4.1/../../../../arm-none-eabi/lib/armv7-m\libg_nano.a(lib_a-nano-vfprintf_i.o)
 .ARM.attributes
                0x000005a8       0x2d c:/program files (x86)/cypress/psoc creator/4.2/psoc creator/import/gnu/arm/5.4.1/bin/../lib/gcc/arm-none-eabi/5.4.1/../../../../arm-none-eabi/lib/armv7-m\libg_nano.a(lib_a-printf.o)
 .ARM.attributes
                0x000005d5       0x2d c:/program files (x86)/cypress/psoc creator/4.2/psoc creator/import/gnu/arm/5.4.1/bin/../lib/gcc/arm-none-eabi/5.4.1/../../../../arm-none-eabi/lib/armv7-m\libg_nano.a(lib_a-sprintf.o)
 .ARM.attributes
                0x00000602       0x2d c:/program files (x86)/cypress/psoc creator/4.2/psoc creator/import/gnu/arm/5.4.1/bin/../lib/gcc/arm-none-eabi/5.4.1/../../../../arm-none-eabi/lib/armv7-m\libg_nano.a(lib_a-strcat.o)
 .ARM.attributes
                0x0000062f       0x17 c:/program files (x86)/cypress/psoc creator/4.2/psoc creator/import/gnu/arm/5.4.1/bin/../lib/gcc/arm-none-eabi/5.4.1/../../../../arm-none-eabi/lib/armv7-m\libg_nano.a(lib_a-strlen.o)
 .ARM.attributes
                0x00000646       0x2d c:/program files (x86)/cypress/psoc creator/4.2/psoc creator/import/gnu/arm/5.4.1/bin/../lib/gcc/arm-none-eabi/5.4.1/../../../../arm-none-eabi/lib/armv7-m\libg_nano.a(lib_a-dtoa.o)
 .ARM.attributes
                0x00000673       0x2d c:/program files (x86)/cypress/psoc creator/4.2/psoc creator/import/gnu/arm/5.4.1/bin/../lib/gcc/arm-none-eabi/5.4.1/../../../../arm-none-eabi/lib/armv7-m\libg_nano.a(lib_a-findfp.o)
 .ARM.attributes
                0x000006a0       0x2d c:/program files (x86)/cypress/psoc creator/4.2/psoc creator/import/gnu/arm/5.4.1/bin/../lib/gcc/arm-none-eabi/5.4.1/../../../../arm-none-eabi/lib/armv7-m\libg_nano.a(lib_a-fwalk.o)
 .ARM.attributes
                0x000006cd       0x2d c:/program files (x86)/cypress/psoc creator/4.2/psoc creator/import/gnu/arm/5.4.1/bin/../lib/gcc/arm-none-eabi/5.4.1/../../../../arm-none-eabi/lib/armv7-m\libg_nano.a(lib_a-locale.o)
 .ARM.attributes
                0x000006fa       0x2d c:/program files (x86)/cypress/psoc creator/4.2/psoc creator/import/gnu/arm/5.4.1/bin/../lib/gcc/arm-none-eabi/5.4.1/../../../../arm-none-eabi/lib/armv7-m\libg_nano.a(lib_a-malloc.o)
 .ARM.attributes
                0x00000727       0x2d c:/program files (x86)/cypress/psoc creator/4.2/psoc creator/import/gnu/arm/5.4.1/bin/../lib/gcc/arm-none-eabi/5.4.1/../../../../arm-none-eabi/lib/armv7-m\libg_nano.a(lib_a-memchr-stub.o)
 .ARM.attributes
                0x00000754       0x2d c:/program files (x86)/cypress/psoc creator/4.2/psoc creator/import/gnu/arm/5.4.1/bin/../lib/gcc/arm-none-eabi/5.4.1/../../../../arm-none-eabi/lib/armv7-m\libg_nano.a(lib_a-mprec.o)
 .ARM.attributes
                0x00000781       0x2d c:/program files (x86)/cypress/psoc creator/4.2/psoc creator/import/gnu/arm/5.4.1/bin/../lib/gcc/arm-none-eabi/5.4.1/../../../../arm-none-eabi/lib/armv7-m\libg_nano.a(lib_a-nano-callocr.o)
 .ARM.attributes
                0x000007ae       0x2d c:/program files (x86)/cypress/psoc creator/4.2/psoc creator/import/gnu/arm/5.4.1/bin/../lib/gcc/arm-none-eabi/5.4.1/../../../../arm-none-eabi/lib/armv7-m\libg_nano.a(lib_a-nano-freer.o)
 .ARM.attributes
                0x000007db       0x2d c:/program files (x86)/cypress/psoc creator/4.2/psoc creator/import/gnu/arm/5.4.1/bin/../lib/gcc/arm-none-eabi/5.4.1/../../../../arm-none-eabi/lib/armv7-m\libg_nano.a(lib_a-nano-mallocr.o)
 .ARM.attributes
                0x00000808       0x2d c:/program files (x86)/cypress/psoc creator/4.2/psoc creator/import/gnu/arm/5.4.1/bin/../lib/gcc/arm-none-eabi/5.4.1/../../../../arm-none-eabi/lib/armv7-m\libg_nano.a(lib_a-nano-svfprintf.o)
 .ARM.attributes